-Dfile.encoding=utf8 -XX:+UseParallelGC -XX:GCTimeRatio=4 -XX:AdaptiveSizePolicyWeight=90 -Dsun.zip.disableMemoryMapping=true -Xmx2G -Xms100m -Xlog:disable -javaagent:/home/chandrima/.vscode/extensions/redhat.java-1.46.0-linux-x64/lombok/lombok-1.18.39-4050.jar -XX:+HeapDumpOnOutOfMemoryError -XX:HeapDumpPath=/home/chandrima/.config/Code/User/workspaceStorage/656ff0314b68b417788454fe91dd1482/redhat.java -Daether.dependencyCollector.impl=bf /home/chandrima/.vscode/extensions/redhat.java-1.46.0-linux-x64/server/plugins/org.eclipse.equinox.launcher_1.7.0.v20250519-0528.jar -configuration /home/chandrima/.config/Code/User/globalStorage/redhat.java/1.46.0/config_linux -data /home/chandrima/.config/Code/User/workspaceStorage/656ff0314b68b417788454fe91dd1482/redhat.java/jdt_ws --pipe=/run/user/1000/lsp-79cf6c280de321f63cd3d1bb2cf49360.sock

Host: 11th Gen Intel(R) Core(TM) i5-1155G7 @ 2.50GHz, 8 cores, 15G, Zorin OS 16.3
Time: Fri Oct 10 19:07:20 2025 IST elapsed time: 9836.322948 seconds (0d 2h 43m 56s)

---------------  T H R E A D  ---------------

Current thread (0x00007efd38051830):  WatcherThread "VM Periodic Task Thread" [id=669747, stack(0x00007efd3c002000,0x00007efd3c102000) (1024K)]

Stack: [0x00007efd3c002000,0x00007efd3c102000],  sp=0x00007efd3c100d80,  free space=1019k
Native frames: (J=compiled Java code, j=interpreted, Vv=VM code, C=native code)
V  [libjvm.so+0xd53d6e]  PerfLongVariant::sample()+0x1e
V  [libjvm.so+0xe97042]  StatSamplerTask::task()+0x32
V  [libjvm.so+0xf4b09d]  PeriodicTask::real_time_tick(int)+0x5d
V  [libjvm.so+0xcd7d30]  WatcherThread::run()+0x80
V  [libjvm.so+0xf82ce8]  Thread::call_run()+0xa8
V  [libjvm.so+0xd0c51a]  thread_native_entry(Thread*)+0xda

siginfo: si_signo: 7 (SIGBUS), si_code: 2 (BUS_ADRERR), si_addr: 0x00007efd3c54aeb0

Registers:
RAX=0x00000000001a0e38, RBX=0x00007efd3c54aeb0, RCX=0x00007efd3d49df60, RDX=0x0000000000000000
RSP=0x00007efd3c100d80, RBP=0x00007efd3c100d90, RSI=0x0000000000000200, RDI=0x00007efd3dd30d38
R8 =0x0000000000000000, R9 =0x00000000000abd87, R10=0x0000000000000000, R11=0x0000000000000286
R12=0x00007efd38230c10, R13=0x0000000000000001, R14=0x0000000000000002, R15=0x00007efd3dd43320
RIP=0x00007efd3d532d6e, EFLAGS=0x0000000000010246, CSGSFS=0x002b000000000033, ERR=0x0000000000000007
  TRAPNO=0x000000000000000e

XMM[0]=0x00007efd3dd31d38 0x00007efd3dd31d60
XMM[1]=0x0000000000000000 0x00007efd3dd31d38
XMM[2]=0x00000000000000ff 0x00000000000000ff
XMM[3]=0x00007efd38051830 0x00007efd3c100ea0
XMM[4]=0x0000000000000000 0x0000000000000000
XMM[5]=0x00007efcd4000b90 0x0000000000000018
XMM[6]=0x00007efd3dfd3210 0x00007efd3dcce3c0
XMM[7]=0x0000564f88c6c340 0x0000000000000004
XMM[8]=0x6574617669727000 0x2063696c62757000
XMM[9]=0x0000000000000000 0x0000000000000000
XMM[10]=0x0020202020202020 0x2000202020202020
XMM[11]=0x0000000000000000 0x00007efd3d9a4620
XMM[12]=0x0000000000000000 0x0000000000000000
XMM[13]=0x0000000000000000 0x0000000000000000
XMM[14]=0x0000000000000000 0x0000000000000000
XMM[15]=0x0000000000000000 0x0000000000000000
  MXCSR=0x00001fa2


Register to memory mapping:

RAX=0x00000000001a0e38 is an unknown value
RBX=0x00007efd3c54aeb0 points into unknown readable memory: 0x00000000001a0e38 | 38 0e 1a 00 00 00 00 00
RCX=0x00007efd3d49df60: <offset 0x0000000000cbef60> in /home/chandrima/.vscode/extensions/redhat.java-1.46.0-linux-x64/jre/21.0.8-linux-x86_64/lib/server/libjvm.so at 0x00007efd3c7df000
RDX=0x0 is null
RSP=0x00007efd3c100d80 points into unknown readable memory: 0x00007efd3c100db0 | b0 0d 10 3c fd 7e 00 00
RBP=0x00007efd3c100d90 points into unknown readable memory: 0x00007efd3c100db0 | b0 0d 10 3c fd 7e 00 00
RSI=0x0000000000000200 is an unknown value
RDI=0x00007efd3dd30d38: <offset 0x0000000001551d38> in /home/chandrima/.vscode/extensions/redhat.java-1.46.0-linux-x64/jre/21.0.8-linux-x86_64/lib/server/libjvm.so at 0x00007efd3c7df000
R8 =0x0 is null
R9 =0x00000000000abd87 is an unknown value
R10=0x0 is null
R11=0x0000000000000286 is an unknown value
R12=0x00007efd38230c10 points into unknown readable memory: 0x00007efd38230c30 | 30 0c 23 38 fd 7e 00 00
R13=0x0000000000000001 is an unknown value
R14=0x0000000000000002 is an unknown value
R15=0x00007efd3dd43320: <offset 0x0000000001564320> in /home/chandrima/.vscode/extensions/redhat.java-1.46.0-linux-x64/jre/21.0.8-linux-x86_64/lib/server/libjvm.so at 0x00007efd3c7df000

Top of Stack: (sp=0x00007efd3c100d80)
0x00007efd3c100d80:   00007efd3c100db0 0000000000000001
0x00007efd3c100d90:   00007efd3c100db0 00007efd3d676042
0x00007efd3c100da0:   0000000000000032 0000000000000032
0x00007efd3c100db0:   00007efd3c100e00 00007efd3d72a09d
0x00007efd3c100dc0:   00007efd38052430 00007efd3dd31d30
0x00007efd3c100dd0:   0000000000000000 00007efd38051830
0x00007efd3c100de0:   0000000000000032 00007efd3c002000
0x00007efd3c100df0:   0000000000100000 00007efd3c100fc0
0x00007efd3c100e00:   00007efd3c100e60 00007efd3d4b6d30
0x00007efd3c100e10:   00007efd3c100e60 00007efd3c100e30
0x00007efd3c100e20:   00007efd3c002000 00007efd3d4e9433
0x00007efd3c100e30:   6f69726550204d56 0073615420636964
0x00007efd3c100e40:   00007efd3c100e60 ffad8f03d7bf0000
0x00007efd3c100e50:   00007efd38052430 00007efd38051830
0x00007efd3c100e60:   00007efd3c100ec0 00007efd3d761ce8
0x00007efd3c100e70:   0000000000000000 00007efd38052500
0x00007efd3c100e80:   0000000000000000 00007efd38051830
0x00007efd3c100e90:   00007efd3c100ec0 00007efd3d49e389
0x00007efd3c100ea0:   00007efd3c100ef0 00007efd38052500
0x00007efd3c100eb0:   00007efd38051830 00007efd3c684a70
0x00007efd3c100ec0:   00007efd3c100ef0 00007efd3d4eb51a
0x00007efd3c100ed0:   0000000000000000 0000000000000000
0x00007efd3c100ee0:   00007efd3c68495e 00007efd3c68495f
0x00007efd3c100ef0:   0000000000000000 00007efd3df67609
0x00007efd3c100f00:   0000000000000000 00007efd3c101700
0x00007efd3c100f10:   00007efd3c101700 e7a281333cbd4673
0x00007efd3c100f20:   00007efd3c68495e 00007efd3c68495f
0x00007efd3c100f30:   00007efd3c684a70 00007efd3c100fc0
0x00007efd3c100f40:   1a58f91322bd4673 1a58fadfd7df4673
0x00007efd3c100f50:   0000000000000000 0000000000000000
0x00007efd3c100f60:   0000000000000000 0000000000000000
0x00007efd3c100f70:   0000000000000000 0000000000000000 

Instructions: (pc=0x00007efd3d532d6e)
0x00007efd3d532c6e:   00 04 00 00 00 48 83 c4 08 5b 41 5c 41 5d 41 5e
0x00007efd3d532c7e:   41 5f 5d c3 66 0f 1f 44 00 00 f0 83 04 24 00 48
0x00007efd3d532c8e:   8b 83 48 04 00 00 a8 01 0f 84 69 ff ff ff 31 d2
0x00007efd3d532c9e:   be 01 00 00 00 48 89 df e8 e5 d8 06 00 8b 83 40
0x00007efd3d532cae:   04 00 00 a8 0c 0f 84 5a ff ff ff 48 89 df e8 3f
0x00007efd3d532cbe:   a3 bd ff e9 4d ff ff ff 66 2e 0f 1f 84 00 00 00
0x00007efd3d532cce:   00 00 48 89 df e8 28 a3 bd ff e9 be fe ff ff 0f
0x00007efd3d532cde:   1f 00 31 d2 be 01 00 00 00 48 89 df e8 a1 d8 06
0x00007efd3d532cee:   00 e9 99 fe ff ff 0f 1f 40 00 48 89 df e8 50 92
0x00007efd3d532cfe:   bd ff e9 5d fe ff ff 48 8d 05 64 12 7a 00 48 8d
0x00007efd3d532d0e:   0d 99 d4 3e 00 48 8d 15 a8 d4 3e 00 be 35 01 00
0x00007efd3d532d1e:   00 48 8d 3d 8a 72 44 00 48 8b 00 c6 00 58 31 c0
0x00007efd3d532d2e:   e8 7d 98 96 ff 66 66 66 66 2e 0f 1f 84 00 00 00
0x00007efd3d532d3e:   00 00 0f 1f 44 00 00 00 00 00 00 00 00 00 00 00
0x00007efd3d532d4e:   00 00 4c 8b 47 38 4d 85 c0 74 27 55 48 89 e5 53
0x00007efd3d532d5e:   48 83 ec 08 49 8b 00 48 8b 5f 28 4c 89 c7 ff 10
0x00007efd3d532d6e:   48 89 03 48 8b 5d f8 c9 c3 66 0f 1f 84 00 00 00
0x00007efd3d532d7e:   00 00 c3 90 66 66 2e 0f 1f 84 00 00 00 00 00 0f
0x00007efd3d532d8e:   1f 00 55 48 8d 05 a0 5b 79 00 66 41 0f 6e c0 66
0x00007efd3d532d9e:   0f 6e c9 66 0f 62 c1 48 89 e5 41 57 49 89 d7 41
0x00007efd3d532dae:   56 41 55 4c 63 ee 41 54 53 48 89 fb 48 83 ec 18
0x00007efd3d532dbe:   48 89 07 48 8d 05 78 f7 7a 00 48 c7 47 08 00 00
0x00007efd3d532dce:   00 00 4e 8b 34 e8 c6 47 18 00 48 c7 47 28 00 00
0x00007efd3d532dde:   00 00 66 0f d6 47 10 48 89 d7 e8 b3 f5 54 ff 4c
0x00007efd3d532dee:   89 f7 48 89 45 c8 e8 a7 f5 54 ff 48 8b 55 c8 be
0x00007efd3d532dfe:   09 00 00 00 4c 8d 4c 02 02 31 d2 4c 89 cf 4c 89
0x00007efd3d532e0e:   4d c8 e8 3b e5 6d ff 41 83 fd 18 4c 8b 4d c8 48
0x00007efd3d532e1e:   89 43 08 48 89 c7 74 5a 48 8d 15 fe 1d 3d 00 4d
0x00007efd3d532e2e:   89 f8 4c 89 f1 4c 89 ce 31 c0 4d 89 ec e8 10 af
0x00007efd3d532e3e:   fa ff 49 69 c5 56 55 55 55 44 89 ea c1 fa 1f 48
0x00007efd3d532e4e:   c1 e8 20 29 d0 8d 04 40 41 29 c4 41 83 fc 01 77
0x00007efd3d532e5e:   5d b8 01 00 00 00 89 43 1c 48 83 c4 18 5b 41 5c 


Stack slot to memory mapping:

stack at sp + 0 slots: 0x00007efd3c100db0 points into unknown readable memory: 0x00007efd3c100e00 | 00 0e 10 3c fd 7e 00 00
stack at sp + 1 slots: 0x0000000000000001 is an unknown value
stack at sp + 2 slots: 0x00007efd3c100db0 points into unknown readable memory: 0x00007efd3c100e00 | 00 0e 10 3c fd 7e 00 00
stack at sp + 3 slots: 0x00007efd3d676042: <offset 0x0000000000e97042> in /home/chandrima/.vscode/extensions/redhat.java-1.46.0-linux-x64/jre/21.0.8-linux-x86_64/lib/server/libjvm.so at 0x00007efd3c7df000
stack at sp + 4 slots: 0x0000000000000032 is an unknown value
stack at sp + 5 slots: 0x0000000000000032 is an unknown value
stack at sp + 6 slots: 0x00007efd3c100e00 points into unknown readable memory: 0x00007efd3c100e60 | 60 0e 10 3c fd 7e 00 00
stack at sp + 7 slots: 0x00007efd3d72a09d: <offset 0x0000000000f4b09d> in /home/chandrima/.vscode/extensions/redhat.java-1.46.0-linux-x64/jre/21.0.8-linux-x86_64/lib/server/libjvm.so at 0x00007efd3c7df000


---------------  P R O C E S S  ---------------

Threads class SMR info:
_java_thread_list=0x00007efc18000b60, length=25, elements={
0x00007efd3802b120, 0x00007efd38174d50, 0x00007efd38176280, 0x00007efd381779d0,
0x00007efd38178fd0, 0x00007efd3817a530, 0x00007efd3817c030, 0x00007efd381856a0,
0x00007efd381958a0, 0x00007efd3822fe70, 0x00007efd3841b340, 0x00007efd38476f10,
0x00007efc90026190, 0x00007efd384796b0, 0x00007efc8c3ae120, 0x00007efc8c4c8930,
0x00007efc8c5dcdb0, 0x00007efc8c6b44a0, 0x00007efc8ca9ee60, 0x00007efd384bb5f0,
0x00007efd38605bd0, 0x00007efd38606cd0, 0x00007efc4803e150, 0x00007efcc4000e70,
0x00007efc240b5c80
}

Java Threads: ( => current thread )
  0x00007efd3802b120 JavaThread "main"                              [_thread_blocked, id=669744, stack(0x00007efd3c585000,0x00007efd3c686000) (1028K)]
  0x00007efd38174d50 JavaThread "Reference Handler"          daemon [_thread_blocked, id=669749, stack(0x00007efcda389000,0x00007efcda48a000) (1028K)]
  0x00007efd38176280 JavaThread "Finalizer"                  daemon [_thread_blocked, id=669750, stack(0x00007efcda288000,0x00007efcda389000) (1028K)]
  0x00007efd381779d0 JavaThread "Signal Dispatcher"          daemon [_thread_blocked, id=669751, stack(0x00007efcda187000,0x00007efcda288000) (1028K)]
  0x00007efd38178fd0 JavaThread "Service Thread"             daemon [_thread_blocked, id=669752, stack(0x00007efcda086000,0x00007efcda187000) (1028K)]
  0x00007efd3817a530 JavaThread "Monitor Deflation Thread"   daemon [_thread_blocked, id=669753, stack(0x00007efcd9f85000,0x00007efcda086000) (1028K)]
  0x00007efd3817c030 JavaThread "C2 CompilerThread0"         daemon [_thread_blocked, id=669754, stack(0x00007efcd9e84000,0x00007efcd9f85000) (1028K)]
  0x00007efd381856a0 JavaThread "C1 CompilerThread0"         daemon [_thread_blocked, id=669755, stack(0x00007efcd9d83000,0x00007efcd9e84000) (1028K)]
  0x00007efd381958a0 JavaThread "Common-Cleaner"             daemon [_thread_blocked, id=669760, stack(0x00007efcd9c82000,0x00007efcd9d83000) (1028K)]
  0x00007efd3822fe70 JavaThread "Notification Thread"        daemon [_thread_blocked, id=669768, stack(0x00007efcd9b81000,0x00007efcd9c82000) (1028K)]
  0x00007efd3841b340 JavaThread "Active Thread: Equinox Container: 9fbde5ad-01f4-4b9a-9c2f-8f54404d278c"        [_thread_blocked, id=669776, stack(0x00007efcd997f000,0x00007efcd9a80000) (1028K)]
  0x00007efd38476f10 JavaThread "Refresh Thread: Equinox Container: 9fbde5ad-01f4-4b9a-9c2f-8f54404d278c" daemon [_thread_blocked, id=669780, stack(0x00007efcd9673000,0x00007efcd9774000) (1028K)]
  0x00007efc90026190 JavaThread "Framework Event Dispatcher: Equinox Container: 9fbde5ad-01f4-4b9a-9c2f-8f54404d278c" daemon [_thread_blocked, id=669782, stack(0x00007efcd9471000,0x00007efcd9572000) (1028K)]
  0x00007efd384796b0 JavaThread "Start Level: Equinox Container: 9fbde5ad-01f4-4b9a-9c2f-8f54404d278c" daemon [_thread_blocked, id=669784, stack(0x00007efcd9370000,0x00007efcd9471000) (1028K)]
  0x00007efc8c3ae120 JavaThread "Bundle File Closer"         daemon [_thread_blocked, id=669792, stack(0x00007efcd916e000,0x00007efcd926f000) (1028K)]
  0x00007efc8c4c8930 JavaThread "SCR Component Actor"        daemon [_thread_blocked, id=669801, stack(0x00007efcd906d000,0x00007efcd916e000) (1028K)]
  0x00007efc8c5dcdb0 JavaThread "Worker-JM"                         [_thread_blocked, id=669808, stack(0x00007efcd8e6b000,0x00007efcd8f6c000) (1028K)]
  0x00007efc8c6b44a0 JavaThread "Worker-1"                          [_thread_blocked, id=669812, stack(0x00007efcd8b68000,0x00007efcd8c69000) (1028K)]
  0x00007efc8ca9ee60 JavaThread "Java indexing"              daemon [_thread_blocked, id=669883, stack(0x00007efcd8a67000,0x00007efcd8b68000) (1028K)]
  0x00007efd384bb5f0 JavaThread "pool-2-thread-1"                   [_thread_blocked, id=670069, stack(0x00007efcd8764000,0x00007efcd8865000) (1028K)]
  0x00007efd38605bd0 JavaThread "WorkspaceEventsHandler"            [_thread_blocked, id=670171, stack(0x00007efcd848e000,0x00007efcd858f000) (1028K)]
  0x00007efd38606cd0 JavaThread "pool-1-thread-1"                   [_thread_in_native, id=670172, stack(0x00007efcd838d000,0x00007efcd848e000) (1028K)]
  0x00007efc4803e150 JavaThread "Worker-5"                          [_thread_blocked, id=671872, stack(0x00007efc3f9fa000,0x00007efc3fafb000) (1028K)]
  0x00007efcc4000e70 JavaThread "Attach Listener"            daemon [_thread_blocked, id=673820, stack(0x00007efcd828c000,0x00007efcd838d000) (1028K)]
  0x00007efc240b5c80 JavaThread "Cleaner-0"                  daemon [_thread_blocked, id=720810, stack(0x00007efcd808a000,0x00007efcd818b000) (1028K)]
Total: 25

Other Threads:
  0x00007efd3816b440 VMThread "VM Thread"                           [id=669748, stack(0x00007efcda9fb000,0x00007efcdaafb000) (1024K)]
=>0x00007efd38051830 WatcherThread "VM Periodic Task Thread"        [id=669747, stack(0x00007efd3c002000,0x00007efd3c102000) (1024K)]
  0x00007efd38042510 WorkerThread "GC Thread#0"                     [id=669745, stack(0x00007efd3c248000,0x00007efd3c348000) (1024K)]
  0x00007efcc8000fe0 WorkerThread "GC Thread#1"                     [id=669772, stack(0x00007efcd9a81000,0x00007efcd9b81000) (1024K)]
  0x00007efcc8002fc0 WorkerThread "GC Thread#2"                     [id=669773, stack(0x00007efcd9876000,0x00007efcd9976000) (1024K)]
  0x00007efcc80039e0 WorkerThread "GC Thread#3"                     [id=669774, stack(0x00007efcd9775000,0x00007efcd9875000) (1024K)]
  0x00007efcc8004ab0 WorkerThread "GC Thread#4"                     [id=669781, stack(0x00007efcd9573000,0x00007efcd9673000) (1024K)]
  0x00007efcc8005980 WorkerThread "GC Thread#5"                     [id=669790, stack(0x00007efcd9270000,0x00007efcd9370000) (1024K)]
  0x00007efcc8006570 WorkerThread "GC Thread#6"                     [id=669802, stack(0x00007efcd8f6d000,0x00007efcd906d000) (1024K)]
  0x00007efcc8007310 WorkerThread "GC Thread#7"                     [id=669810, stack(0x00007efcd8d6b000,0x00007efcd8e6b000) (1024K)]
Total: 10

Threads with active compile tasks:
Total: 0

VM state: not at safepoint (normal execution)

VM Mutex/Monitor currently owned by a thread:  ([mutex/lock_event])
[0x00007efd3dd31d30] PeriodicTask_lock - owner thread: 0x00007efd38051830

Heap address: 0x0000000080000000, size: 2048 MB, Compressed Oops mode: 32-bit

CDS archive(s) mapped at: [0x00007efcdb000000-0x00007efcdbbbf000-0x00007efcdbbbf000), size 12316672, SharedBaseAddress: 0x00007efcdb000000, ArchiveRelocationMode: 1.
Compressed class space mapped at: 0x00007efcdc000000-0x00007efd1c000000, reserved size: 1073741824
Narrow klass base: 0x00007efcdb000000, Narrow klass shift: 0, Narrow klass range: 0x100000000

GC Precious Log:
 CardTable entry size: 512
 CPUs: 8 total, 8 available
 Memory: 15772M
 Large Page Support: Disabled
 NUMA Support: Disabled
 Compressed Oops: Enabled (32-bit)
 Alignments: Space 512K, Generation 512K, Heap 2M
 Heap Min Capacity: 100M
 Heap Initial Capacity: 100M
 Heap Max Capacity: 2G
 Pre-touch: Disabled
 Parallel Workers: 8

Heap:
 PSYoungGen      total 3072K, used 1827K [0x00000000d5580000, 0x00000000d5a00000, 0x0000000100000000)
  eden space 2560K, 65% used [0x00000000d5580000,0x00000000d5720e38,0x00000000d5800000)
  from space 512K, 31% used [0x00000000d5900000,0x00000000d5928000,0x00000000d5980000)
  to   space 512K, 0% used [0x00000000d5980000,0x00000000d5980000,0x00000000d5a00000)
 ParOldGen       total 509440K, used 509061K [0x0000000080000000, 0x000000009f180000, 0x00000000d5580000)
  object space 509440K, 99% used [0x0000000080000000,0x000000009f121588,0x000000009f180000)
 Metaspace       used 76343K, committed 77952K, reserved 1179648K
  class space    used 8196K, committed 8896K, reserved 1048576K

Card table byte_map: [0x00007efd25a2d000,0x00007efd25e2e000] _byte_map_base: 0x00007efd2562d000

Marking Bits: (ParMarkBitMap*) 0x00007efd3dd37000
 Begin Bits: [0x00007efd1c000000, 0x00007efd1e000000)
 End Bits:   [0x00007efd1e000000, 0x00007efd20000000)

Polling page: 0x00007efd3c583000

Metaspace:

Usage:
  Non-class:     66.55 MB used.
      Class:      8.00 MB used.
       Both:     74.55 MB used.

Virtual space:
  Non-class space:      128.00 MB reserved,      67.44 MB ( 53%) committed,  2 nodes.
      Class space:        1.00 GB reserved,       8.69 MB ( <1%) committed,  1 nodes.
             Both:        1.12 GB reserved,      76.12 MB (  7%) committed. 

Chunk freelists:
   Non-Class:  12.58 MB
       Class:  7.35 MB
        Both:  19.93 MB

MaxMetaspaceSize: unlimited
CompressedClassSpaceSize: 1.00 GB
Initial GC threshold: 21.00 MB
Current GC threshold: 97.31 MB
CDS: on
 - commit_granule_bytes: 65536.
 - commit_granule_words: 8192.
 - virtual_space_node_default_size: 8388608.
 - enlarge_chunks_in_place: 1.
 - use_allocation_guard: 0.


Internal statistics:

num_allocs_failed_limit: 9.
num_arena_births: 1306.
num_arena_deaths: 20.
num_vsnodes_births: 3.
num_vsnodes_deaths: 0.
num_space_committed: 1218.
num_space_uncommitted: 0.
num_chunks_returned_to_freelist: 31.
num_chunks_taken_from_freelist: 4690.
num_chunk_merges: 13.
num_chunk_splits: 2937.
num_chunks_enlarged: 1765.
num_inconsistent_stats: 0.

CodeHeap 'non-profiled nmethods': size=120028Kb used=8300Kb max_used=8300Kb free=111727Kb
 bounds [0x00007efd2d8f7000, 0x00007efd2e117000, 0x00007efd34e2e000]
CodeHeap 'profiled nmethods': size=120028Kb used=26442Kb max_used=26442Kb free=93586Kb
 bounds [0x00007efd25e2e000, 0x00007efd2780e000, 0x00007efd2d365000]
CodeHeap 'non-nmethods': size=5704Kb used=1484Kb max_used=1544Kb free=4219Kb
 bounds [0x00007efd2d365000, 0x00007efd2d5d5000, 0x00007efd2d8f7000]
CodeCache: size=245760Kb, used=36226Kb, max_used=36286Kb, free=209532Kb
 total_blobs=13106, nmethods=12304, adapters=708, full_count=0
Compilation: enabled, stopped_count=0, restarted_count=0

Compilation events (20 events):
Event: 7501.124 Thread 0x00007efd381856a0 12910       3       org.eclipse.osgi.storage.Storage::isReadOnly (10 bytes)
Event: 7501.125 Thread 0x00007efd381856a0 nmethod 12910 0x00007efd277fd790 code [0x00007efd277fd920, 0x00007efd277fda98]
Event: 7502.878 Thread 0x00007efd381856a0 12911       1       org.eclipse.core.internal.jobs.JobManager::getLockManager (5 bytes)
Event: 7502.878 Thread 0x00007efd381856a0 nmethod 12911 0x00007efd2e111610 code [0x00007efd2e1117a0, 0x00007efd2e111860]
Event: 7681.126 Thread 0x00007efd381856a0 12913   !   3       org.eclipse.osgi.internal.framework.StorageSaver$StorageSaverTask::run (31 bytes)
Event: 7681.135 Thread 0x00007efd381856a0 nmethod 12913 0x00007efd277fdb90 code [0x00007efd277fdd60, 0x00007efd277fdff0]
Event: 7681.135 Thread 0x00007efd381856a0 12914   !   3       org.eclipse.osgi.storage.Storage::save (62 bytes)
Event: 7681.136 Thread 0x00007efd381856a0 nmethod 12914 0x00007efd277fe190 code [0x00007efd277fe360, 0x00007efd277fe6c8]
Event: 7843.100 Thread 0x00007efd381856a0 12915       3       java.util.concurrent.ThreadPoolExecutor::runStateAtLeast (11 bytes)
Event: 7843.100 Thread 0x00007efd381856a0 nmethod 12915 0x00007efd277fe890 code [0x00007efd277fea20, 0x00007efd277feb58]
Event: 7939.581 Thread 0x00007efd381856a0 12917       3       java.util.concurrent.locks.AbstractQueuedSynchronizer$ConditionObject::await (207 bytes)
Event: 7939.583 Thread 0x00007efd381856a0 nmethod 12917 0x00007efd277fec10 code [0x00007efd277fef00, 0x00007efd277ffd58]
Event: 7939.583 Thread 0x00007efd381856a0 12916       3       java.lang.ref.ReferenceQueue::await (15 bytes)
Event: 7939.583 Thread 0x00007efd381856a0 nmethod 12916 0x00007efd27800390 code [0x00007efd27800540, 0x00007efd278006d8]
Event: 8393.119 Thread 0x00007efd3817c030 12918       4       java.util.concurrent.locks.AbstractQueuedSynchronizer$Node::setStatusRelaxed (12 bytes)
Event: 8393.119 Thread 0x00007efd3817c030 nmethod 12918 0x00007efd2e111910 code [0x00007efd2e111a80, 0x00007efd2e111b08]
Event: 9683.169 Thread 0x00007efd3817c030 12919       4       java.util.concurrent.ThreadPoolExecutor::beforeExecute (1 bytes)
Event: 9683.169 Thread 0x00007efd3817c030 nmethod 12919 0x00007efd2e111c10 code [0x00007efd2e111d80, 0x00007efd2e111e08]
Event: 9691.149 Thread 0x00007efd3817c030 12920       4       java.util.concurrent.ThreadPoolExecutor::afterExecute (1 bytes)
Event: 9691.149 Thread 0x00007efd3817c030 nmethod 12920 0x00007efd2e111f10 code [0x00007efd2e112080, 0x00007efd2e112108]

GC Heap History (20 events):
Event: 5778.625 GC heap before
{Heap before GC invocations=295 (full 3):
 PSYoungGen      total 3584K, used 3041K [0x00000000d5580000, 0x00000000d5980000, 0x0000000100000000)
  eden space 2560K, 100% used [0x00000000d5580000,0x00000000d5800000,0x00000000d5800000)
  from space 1024K, 47% used [0x00000000d5800000,0x00000000d5878568,0x00000000d5900000)
  to   space 512K, 0% used [0x00000000d5900000,0x00000000d5900000,0x00000000d5980000)
 ParOldGen       total 504832K, used 504526K [0x0000000080000000, 0x000000009ed00000, 0x00000000d5580000)
  object space 504832K, 99% used [0x0000000080000000,0x000000009ecb3850,0x000000009ed00000)
 Metaspace       used 75786K, committed 77440K, reserved 1179648K
  class space    used 8144K, committed 8832K, reserved 1048576K
}
Event: 5778.627 GC heap after
{Heap after GC invocations=295 (full 3):
 PSYoungGen      total 3072K, used 432K [0x00000000d5580000, 0x00000000d5980000, 0x0000000100000000)
  eden space 2560K, 0% used [0x00000000d5580000,0x00000000d5580000,0x00000000d5800000)
  from space 512K, 84% used [0x00000000d5900000,0x00000000d596c030,0x00000000d5980000)
  to   space 512K, 0% used [0x00000000d5880000,0x00000000d5880000,0x00000000d5900000)
 ParOldGen       total 504832K, used 504783K [0x0000000080000000, 0x000000009ed00000, 0x00000000d5580000)
  object space 504832K, 99% used [0x0000000080000000,0x000000009ecf3da8,0x000000009ed00000)
 Metaspace       used 75786K, committed 77440K, reserved 1179648K
  class space    used 8144K, committed 8832K, reserved 1048576K
}
Event: 5778.642 GC heap before
{Heap before GC invocations=296 (full 3):
 PSYoungGen      total 3072K, used 2992K [0x00000000d5580000, 0x00000000d5980000, 0x0000000100000000)
  eden space 2560K, 100% used [0x00000000d5580000,0x00000000d5800000,0x00000000d5800000)
  from space 512K, 84% used [0x00000000d5900000,0x00000000d596c030,0x00000000d5980000)
  to   space 512K, 0% used [0x00000000d5880000,0x00000000d5880000,0x00000000d5900000)
 ParOldGen       total 504832K, used 504783K [0x0000000080000000, 0x000000009ed00000, 0x00000000d5580000)
  object space 504832K, 99% used [0x0000000080000000,0x000000009ecf3da8,0x000000009ed00000)
 Metaspace       used 75797K, committed 77440K, reserved 1179648K
  class space    used 8145K, committed 8832K, reserved 1048576K
}
Event: 5778.644 GC heap after
{Heap after GC invocations=296 (full 3):
 PSYoungGen      total 3072K, used 496K [0x00000000d5580000, 0x00000000d5a00000, 0x0000000100000000)
  eden space 2560K, 0% used [0x00000000d5580000,0x00000000d5580000,0x00000000d5800000)
  from space 512K, 96% used [0x00000000d5880000,0x00000000d58fc010,0x00000000d5900000)
  to   space 1024K, 0% used [0x00000000d5900000,0x00000000d5900000,0x00000000d5a00000)
 ParOldGen       total 505344K, used 505007K [0x0000000080000000, 0x000000009ed80000, 0x00000000d5580000)
  object space 505344K, 99% used [0x0000000080000000,0x000000009ed2bdc8,0x000000009ed80000)
 Metaspace       used 75797K, committed 77440K, reserved 1179648K
  class space    used 8145K, committed 8832K, reserved 1048576K
}
Event: 5778.661 GC heap before
{Heap before GC invocations=297 (full 3):
 PSYoungGen      total 3072K, used 3056K [0x00000000d5580000, 0x00000000d5a00000, 0x0000000100000000)
  eden space 2560K, 100% used [0x00000000d5580000,0x00000000d5800000,0x00000000d5800000)
  from space 512K, 96% used [0x00000000d5880000,0x00000000d58fc010,0x00000000d5900000)
  to   space 1024K, 0% used [0x00000000d5900000,0x00000000d5900000,0x00000000d5a00000)
 ParOldGen       total 505344K, used 505007K [0x0000000080000000, 0x000000009ed80000, 0x00000000d5580000)
  object space 505344K, 99% used [0x0000000080000000,0x000000009ed2bdc8,0x000000009ed80000)
 Metaspace       used 75824K, committed 77504K, reserved 1179648K
  class space    used 8145K, committed 8832K, reserved 1048576K
}
Event: 5778.662 GC heap after
{Heap after GC invocations=297 (full 3):
 PSYoungGen      total 3584K, used 705K [0x00000000d5580000, 0x00000000d5a00000, 0x0000000100000000)
  eden space 2560K, 0% used [0x00000000d5580000,0x00000000d5580000,0x00000000d5800000)
  from space 1024K, 68% used [0x00000000d5900000,0x00000000d59b0588,0x00000000d5a00000)
  to   space 1024K, 0% used [0x00000000d5800000,0x00000000d5800000,0x00000000d5900000)
 ParOldGen       total 505856K, used 505486K [0x0000000080000000, 0x000000009ee00000, 0x00000000d5580000)
  object space 505856K, 99% used [0x0000000080000000,0x000000009eda3818,0x000000009ee00000)
 Metaspace       used 75824K, committed 77504K, reserved 1179648K
  class space    used 8145K, committed 8832K, reserved 1048576K
}
Event: 5778.706 GC heap before
{Heap before GC invocations=298 (full 3):
 PSYoungGen      total 3584K, used 3265K [0x00000000d5580000, 0x00000000d5a00000, 0x0000000100000000)
  eden space 2560K, 99% used [0x00000000d5580000,0x00000000d57ffff8,0x00000000d5800000)
  from space 1024K, 68% used [0x00000000d5900000,0x00000000d59b0588,0x00000000d5a00000)
  to   space 1024K, 0% used [0x00000000d5800000,0x00000000d5800000,0x00000000d5900000)
 ParOldGen       total 505856K, used 505486K [0x0000000080000000, 0x000000009ee00000, 0x00000000d5580000)
  object space 505856K, 99% used [0x0000000080000000,0x000000009eda3818,0x000000009ee00000)
 Metaspace       used 75899K, committed 77568K, reserved 1179648K
  class space    used 8152K, committed 8832K, reserved 1048576K
}
Event: 5778.708 GC heap after
{Heap after GC invocations=298 (full 3):
 PSYoungGen      total 3584K, used 1007K [0x00000000d5580000, 0x00000000d5c00000, 0x0000000100000000)
  eden space 2560K, 0% used [0x00000000d5580000,0x00000000d5580000,0x00000000d5800000)
  from space 1024K, 98% used [0x00000000d5800000,0x00000000d58fbc48,0x00000000d5900000)
  to   space 2048K, 0% used [0x00000000d5a00000,0x00000000d5a00000,0x00000000d5c00000)
 ParOldGen       total 506368K, used 506087K [0x0000000080000000, 0x000000009ee80000, 0x00000000d5580000)
  object space 506368K, 99% used [0x0000000080000000,0x000000009ee39da0,0x000000009ee80000)
 Metaspace       used 75899K, committed 77568K, reserved 1179648K
  class space    used 8152K, committed 8832K, reserved 1048576K
}
Event: 5778.714 GC heap before
{Heap before GC invocations=299 (full 3):
 PSYoungGen      total 3584K, used 3567K [0x00000000d5580000, 0x00000000d5c00000, 0x0000000100000000)
  eden space 2560K, 100% used [0x00000000d5580000,0x00000000d5800000,0x00000000d5800000)
  from space 1024K, 98% used [0x00000000d5800000,0x00000000d58fbc48,0x00000000d5900000)
  to   space 2048K, 0% used [0x00000000d5a00000,0x00000000d5a00000,0x00000000d5c00000)
 ParOldGen       total 506368K, used 506087K [0x0000000080000000, 0x000000009ee80000, 0x00000000d5580000)
  object space 506368K, 99% used [0x0000000080000000,0x000000009ee39da0,0x000000009ee80000)
 Metaspace       used 75908K, committed 77568K, reserved 1179648K
  class space    used 8152K, committed 8832K, reserved 1048576K
}
Event: 5778.716 GC heap after
{Heap after GC invocations=299 (full 3):
 PSYoungGen      total 3072K, used 288K [0x00000000d5580000, 0x00000000d5a80000, 0x0000000100000000)
  eden space 2560K, 0% used [0x00000000d5580000,0x00000000d5580000,0x00000000d5800000)
  from space 512K, 56% used [0x00000000d5a00000,0x00000000d5a48000,0x00000000d5a80000)
  to   space 1024K, 0% used [0x00000000d5880000,0x00000000d5880000,0x00000000d5980000)
 ParOldGen       total 507904K, used 507550K [0x0000000080000000, 0x000000009f000000, 0x00000000d5580000)
  object space 507904K, 99% used [0x0000000080000000,0x000000009efa7890,0x000000009f000000)
 Metaspace       used 75908K, committed 77568K, reserved 1179648K
  class space    used 8152K, committed 8832K, reserved 1048576K
}
Event: 5779.025 GC heap before
{Heap before GC invocations=300 (full 3):
 PSYoungGen      total 3072K, used 2848K [0x00000000d5580000, 0x00000000d5a80000, 0x0000000100000000)
  eden space 2560K, 100% used [0x00000000d5580000,0x00000000d5800000,0x00000000d5800000)
  from space 512K, 56% used [0x00000000d5a00000,0x00000000d5a48000,0x00000000d5a80000)
  to   space 1024K, 0% used [0x00000000d5880000,0x00000000d5880000,0x00000000d5980000)
 ParOldGen       total 507904K, used 507550K [0x0000000080000000, 0x000000009f000000, 0x00000000d5580000)
  object space 507904K, 99% used [0x0000000080000000,0x000000009efa7890,0x000000009f000000)
 Metaspace       used 75952K, committed 77568K, reserved 1179648K
  class space    used 8155K, committed 8832K, reserved 1048576K
}
Event: 5779.026 GC heap after
{Heap after GC invocations=300 (full 3):
 PSYoungGen      total 3584K, used 256K [0x00000000d5580000, 0x00000000d5a80000, 0x0000000100000000)
  eden space 2560K, 0% used [0x00000000d5580000,0x00000000d5580000,0x00000000d5800000)
  from space 1024K, 25% used [0x00000000d5880000,0x00000000d58c0000,0x00000000d5980000)
  to   space 512K, 0% used [0x00000000d5a00000,0x00000000d5a00000,0x00000000d5a80000)
 ParOldGen       total 507904K, used 507766K [0x0000000080000000, 0x000000009f000000, 0x00000000d5580000)
  object space 507904K, 99% used [0x0000000080000000,0x000000009efdd890,0x000000009f000000)
 Metaspace       used 75952K, committed 77568K, reserved 1179648K
  class space    used 8155K, committed 8832K, reserved 1048576K
}
Event: 5779.037 GC heap before
{Heap before GC invocations=301 (full 3):
 PSYoungGen      total 3584K, used 2815K [0x00000000d5580000, 0x00000000d5a80000, 0x0000000100000000)
  eden space 2560K, 99% used [0x00000000d5580000,0x00000000d57ffff0,0x00000000d5800000)
  from space 1024K, 25% used [0x00000000d5880000,0x00000000d58c0000,0x00000000d5980000)
  to   space 512K, 0% used [0x00000000d5a00000,0x00000000d5a00000,0x00000000d5a80000)
 ParOldGen       total 507904K, used 507766K [0x0000000080000000, 0x000000009f000000, 0x00000000d5580000)
  object space 507904K, 99% used [0x0000000080000000,0x000000009efdd8e0,0x000000009f000000)
 Metaspace       used 76100K, committed 77696K, reserved 1179648K
  class space    used 8166K, committed 8832K, reserved 1048576K
}
Event: 5779.038 GC heap after
{Heap after GC invocations=301 (full 3):
 PSYoungGen      total 3072K, used 496K [0x00000000d5580000, 0x00000000d5a80000, 0x0000000100000000)
  eden space 2560K, 0% used [0x00000000d5580000,0x00000000d5580000,0x00000000d5800000)
  from space 512K, 96% used [0x00000000d5a00000,0x00000000d5a7c010,0x00000000d5a80000)
  to   space 1024K, 0% used [0x00000000d5880000,0x00000000d5880000,0x00000000d5980000)
 ParOldGen       total 508416K, used 507998K [0x0000000080000000, 0x000000009f080000, 0x00000000d5580000)
  object space 508416K, 99% used [0x0000000080000000,0x000000009f0178e0,0x000000009f080000)
 Metaspace       used 76100K, committed 77696K, reserved 1179648K
  class space    used 8166K, committed 8832K, reserved 1048576K
}
Event: 5779.045 GC heap before
{Heap before GC invocations=302 (full 3):
 PSYoungGen      total 3072K, used 3056K [0x00000000d5580000, 0x00000000d5a80000, 0x0000000100000000)
  eden space 2560K, 100% used [0x00000000d5580000,0x00000000d5800000,0x00000000d5800000)
  from space 512K, 96% used [0x00000000d5a00000,0x00000000d5a7c010,0x00000000d5a80000)
  to   space 1024K, 0% used [0x00000000d5880000,0x00000000d5880000,0x00000000d5980000)
 ParOldGen       total 508416K, used 508000K [0x0000000080000000, 0x000000009f080000, 0x00000000d5580000)
  object space 508416K, 99% used [0x0000000080000000,0x000000009f0180e8,0x000000009f080000)
 Metaspace       used 76251K, committed 77888K, reserved 1179648K
  class space    used 8189K, committed 8896K, reserved 1048576K
}
Event: 5779.046 GC heap after
{Heap after GC invocations=302 (full 3):
 PSYoungGen      total 3584K, used 560K [0x00000000d5580000, 0x00000000d5a80000, 0x0000000100000000)
  eden space 2560K, 0% used [0x00000000d5580000,0x00000000d5580000,0x00000000d5800000)
  from space 1024K, 54% used [0x00000000d5880000,0x00000000d590c010,0x00000000d5980000)
  to   space 1024K, 0% used [0x00000000d5980000,0x00000000d5980000,0x00000000d5a80000)
 ParOldGen       total 508928K, used 508446K [0x0000000080000000, 0x000000009f100000, 0x00000000d5580000)
  object space 508928K, 99% used [0x0000000080000000,0x000000009f087b38,0x000000009f100000)
 Metaspace       used 76251K, committed 77888K, reserved 1179648K
  class space    used 8189K, committed 8896K, reserved 1048576K
}
Event: 5779.570 GC heap before
{Heap before GC invocations=303 (full 3):
 PSYoungGen      total 3584K, used 3120K [0x00000000d5580000, 0x00000000d5a80000, 0x0000000100000000)
  eden space 2560K, 100% used [0x00000000d5580000,0x00000000d5800000,0x00000000d5800000)
  from space 1024K, 54% used [0x00000000d5880000,0x00000000d590c010,0x00000000d5980000)
  to   space 1024K, 0% used [0x00000000d5980000,0x00000000d5980000,0x00000000d5a80000)
 ParOldGen       total 508928K, used 508446K [0x0000000080000000, 0x000000009f100000, 0x00000000d5580000)
  object space 508928K, 99% used [0x0000000080000000,0x000000009f087b38,0x000000009f100000)
 Metaspace       used 76268K, committed 77888K, reserved 1179648K
  class space    used 8191K, committed 8896K, reserved 1048576K
}
Event: 5779.573 GC heap after
{Heap after GC invocations=303 (full 3):
 PSYoungGen      total 3072K, used 416K [0x00000000d5580000, 0x00000000d5a00000, 0x0000000100000000)
  eden space 2560K, 0% used [0x00000000d5580000,0x00000000d5580000,0x00000000d5800000)
  from space 512K, 81% used [0x00000000d5980000,0x00000000d59e8000,0x00000000d5a00000)
  to   space 512K, 0% used [0x00000000d5900000,0x00000000d5900000,0x00000000d5980000)
 ParOldGen       total 508928K, used 508853K [0x0000000080000000, 0x000000009f100000, 0x00000000d5580000)
  object space 508928K, 99% used [0x0000000080000000,0x000000009f0ed588,0x000000009f100000)
 Metaspace       used 76268K, committed 77888K, reserved 1179648K
  class space    used 8191K, committed 8896K, reserved 1048576K
}
Event: 5779.592 GC heap before
{Heap before GC invocations=304 (full 3):
 PSYoungGen      total 3072K, used 2976K [0x00000000d5580000, 0x00000000d5a00000, 0x0000000100000000)
  eden space 2560K, 100% used [0x00000000d5580000,0x00000000d5800000,0x00000000d5800000)
  from space 512K, 81% used [0x00000000d5980000,0x00000000d59e8000,0x00000000d5a00000)
  to   space 512K, 0% used [0x00000000d5900000,0x00000000d5900000,0x00000000d5980000)
 ParOldGen       total 508928K, used 508853K [0x0000000080000000, 0x000000009f100000, 0x00000000d5580000)
  object space 508928K, 99% used [0x0000000080000000,0x000000009f0ed588,0x000000009f100000)
 Metaspace       used 76300K, committed 77952K, reserved 1179648K
  class space    used 8191K, committed 8896K, reserved 1048576K
}
Event: 5779.593 GC heap after
{Heap after GC invocations=304 (full 3):
 PSYoungGen      total 3072K, used 160K [0x00000000d5580000, 0x00000000d5a00000, 0x0000000100000000)
  eden space 2560K, 0% used [0x00000000d5580000,0x00000000d5580000,0x00000000d5800000)
  from space 512K, 31% used [0x00000000d5900000,0x00000000d5928000,0x00000000d5980000)
  to   space 512K, 0% used [0x00000000d5980000,0x00000000d5980000,0x00000000d5a00000)
 ParOldGen       total 509440K, used 509061K [0x0000000080000000, 0x000000009f180000, 0x00000000d5580000)
  object space 509440K, 99% used [0x0000000080000000,0x000000009f121588,0x000000009f180000)
 Metaspace       used 76300K, committed 77952K, reserved 1179648K
  class space    used 8191K, committed 8896K, reserved 1048576K
}

Dll operation events (10 events):
Event: 0.003 Loaded shared library /home/chandrima/.vscode/extensions/redhat.java-1.46.0-linux-x64/jre/21.0.8-linux-x86_64/lib/libjava.so
Event: 0.073 Loaded shared library /home/chandrima/.vscode/extensions/redhat.java-1.46.0-linux-x64/jre/21.0.8-linux-x86_64/lib/libzip.so
Event: 0.095 Loaded shared library /home/chandrima/.vscode/extensions/redhat.java-1.46.0-linux-x64/jre/21.0.8-linux-x86_64/lib/libinstrument.so
Event: 0.097 Loaded shared library /home/chandrima/.vscode/extensions/redhat.java-1.46.0-linux-x64/jre/21.0.8-linux-x86_64/lib/libnio.so
Event: 0.100 Loaded shared library /home/chandrima/.vscode/extensions/redhat.java-1.46.0-linux-x64/jre/21.0.8-linux-x86_64/lib/libzip.so
Event: 0.121 Loaded shared library /home/chandrima/.vscode/extensions/redhat.java-1.46.0-linux-x64/jre/21.0.8-linux-x86_64/lib/libjimage.so
Event: 0.187 Loaded shared library /home/chandrima/.vscode/extensions/redhat.java-1.46.0-linux-x64/jre/21.0.8-linux-x86_64/lib/libverify.so
Event: 0.755 Loaded shared library /home/chandrima/.vscode/extensions/redhat.java-1.46.0-linux-x64/jre/21.0.8-linux-x86_64/lib/libnet.so
Event: 1.095 Loaded shared library /home/chandrima/.config/Code/User/globalStorage/redhat.java/1.46.0/config_linux/org.eclipse.equinox.launcher/org.eclipse.equinox.launcher.gtk.linux.x86_64_1.2.1500.v20250801-0854/eclipse_11916.so
Event: 1296.371 Loaded shared library /home/chandrima/.vscode/extensions/redhat.java-1.46.0-linux-x64/jre/21.0.8-linux-x86_64/lib/libextnet.so

Deoptimization events (20 events):
Event: 5779.568 Thread 0x00007efc5405e9f0 DEOPT PACKING pc=0x00007efd2757c752 sp=0x00007efc3fcfa290
Event: 5779.568 Thread 0x00007efc5405e9f0 DEOPT UNPACKING pc=0x00007efd2d3bc14f sp=0x00007efc3fcf9828 mode 0
Event: 5779.579 Thread 0x00007efc5405e9f0 Uncommon trap: trap_request=0xffffffbe fr.pc=0x00007efd2e0d7180 relative=0x0000000000005100
Event: 5779.579 Thread 0x00007efc5405e9f0 Uncommon trap: reason=profile_predicate action=maybe_recompile pc=0x00007efd2e0d7180 method=org.eclipse.jdt.internal.compiler.lookup.BinaryTypeBinding.createMethod(Lorg/eclipse/jdt/internal/compiler/env/IBinaryMethod;Lorg/eclipse/jdt/internal/compiler/env
Event: 5779.579 Thread 0x00007efc5405e9f0 DEOPT PACKING pc=0x00007efd2e0d7180 sp=0x00007efc3fcf9ea0
Event: 5779.579 Thread 0x00007efc5405e9f0 DEOPT UNPACKING pc=0x00007efd2d3bb619 sp=0x00007efc3fcf9e30 mode 2
Event: 5779.579 Thread 0x00007efc5405e9f0 Uncommon trap: trap_request=0xffffffbe fr.pc=0x00007efd2e0d7180 relative=0x0000000000005100
Event: 5779.579 Thread 0x00007efc5405e9f0 Uncommon trap: reason=profile_predicate action=maybe_recompile pc=0x00007efd2e0d7180 method=org.eclipse.jdt.internal.compiler.lookup.BinaryTypeBinding.createMethod(Lorg/eclipse/jdt/internal/compiler/env/IBinaryMethod;Lorg/eclipse/jdt/internal/compiler/env
Event: 5779.579 Thread 0x00007efc5405e9f0 DEOPT PACKING pc=0x00007efd2e0d7180 sp=0x00007efc3fcf9ea0
Event: 5779.579 Thread 0x00007efc5405e9f0 DEOPT UNPACKING pc=0x00007efd2d3bb619 sp=0x00007efc3fcf9e30 mode 2
Event: 5779.579 Thread 0x00007efc5405e9f0 Uncommon trap: trap_request=0xffffffbe fr.pc=0x00007efd2e0d7180 relative=0x0000000000005100
Event: 5779.579 Thread 0x00007efc5405e9f0 Uncommon trap: reason=profile_predicate action=maybe_recompile pc=0x00007efd2e0d7180 method=org.eclipse.jdt.internal.compiler.lookup.BinaryTypeBinding.createMethod(Lorg/eclipse/jdt/internal/compiler/env/IBinaryMethod;Lorg/eclipse/jdt/internal/compiler/env
Event: 5779.579 Thread 0x00007efc5405e9f0 DEOPT PACKING pc=0x00007efd2e0d7180 sp=0x00007efc3fcf9ea0
Event: 5779.579 Thread 0x00007efc5405e9f0 DEOPT UNPACKING pc=0x00007efd2d3bb619 sp=0x00007efc3fcf9e30 mode 2
Event: 5779.579 Thread 0x00007efc5405e9f0 Uncommon trap: trap_request=0xffffffbe fr.pc=0x00007efd2e0d7180 relative=0x0000000000005100
Event: 5779.579 Thread 0x00007efc5405e9f0 Uncommon trap: reason=profile_predicate action=maybe_recompile pc=0x00007efd2e0d7180 method=org.eclipse.jdt.internal.compiler.lookup.BinaryTypeBinding.createMethod(Lorg/eclipse/jdt/internal/compiler/env/IBinaryMethod;Lorg/eclipse/jdt/internal/compiler/env
Event: 5779.579 Thread 0x00007efc5405e9f0 DEOPT PACKING pc=0x00007efd2e0d7180 sp=0x00007efc3fcf9ea0
Event: 5779.579 Thread 0x00007efc5405e9f0 DEOPT UNPACKING pc=0x00007efd2d3bb619 sp=0x00007efc3fcf9e30 mode 2
Event: 5779.589 Thread 0x00007efc5405e9f0 DEOPT PACKING pc=0x00007efd275d79ea sp=0x00007efc3fcf9280
Event: 5779.589 Thread 0x00007efc5405e9f0 DEOPT UNPACKING pc=0x00007efd2d3bc14f sp=0x00007efc3fcf8740 mode 0

Classes loaded (20 events):
Event: 1297.196 Loading class java/io/ObjectStreamClass$DeserializationConstructorsCache$Key$Lookup
Event: 1297.196 Loading class java/io/ObjectStreamClass$DeserializationConstructorsCache$Key
Event: 1297.196 Loading class java/io/ObjectStreamClass$DeserializationConstructorsCache$Key done
Event: 1297.196 Loading class java/io/ObjectStreamClass$DeserializationConstructorsCache$Key$Lookup done
Event: 1297.198 Loading class java/lang/invoke/BoundMethodHandle$Species_LIL
Event: 1297.198 Loading class java/lang/invoke/BoundMethodHandle$Species_LIL done
Event: 1297.201 Loading class java/io/ObjectStreamClass$DeserializationConstructorsCache$Key$Impl
Event: 1297.201 Loading class java/io/ObjectStreamClass$DeserializationConstructorsCache$Key$Impl done
Event: 5772.321 Loading class jdk/internal/event/SecurityPropertyModificationEvent
Event: 5772.322 Loading class jdk/internal/event/SecurityPropertyModificationEvent done
Event: 5772.406 Loading class java/util/zip/GZIPInputStream$1
Event: 5772.408 Loading class java/util/zip/GZIPInputStream$1 done
Event: 5772.689 Loading class java/lang/UnsupportedClassVersionError
Event: 5772.689 Loading class java/lang/UnsupportedClassVersionError done
Event: 5773.027 Loading class javax/xml/transform/TransformerConfigurationException
Event: 5773.032 Loading class javax/xml/transform/TransformerConfigurationException done
Event: 5773.042 Loading class java/util/LinkedList$LLSpliterator
Event: 5773.042 Loading class java/util/LinkedList$LLSpliterator done
Event: 5773.682 Loading class jdk/internal/ref/CleanerImpl$InnocuousThreadFactory
Event: 5773.682 Loading class jdk/internal/ref/CleanerImpl$InnocuousThreadFactory done

Classes unloaded (10 events):
Event: 3.019 Thread 0x00007efd3816b440 Unloading class 0x00007efcdc1a5000 'java/lang/invoke/LambdaForm$MH+0x00007efcdc1a5000'
Event: 3.019 Thread 0x00007efd3816b440 Unloading class 0x00007efcdc1a4c00 'java/lang/invoke/LambdaForm$MH+0x00007efcdc1a4c00'
Event: 3.019 Thread 0x00007efd3816b440 Unloading class 0x00007efcdc1a4800 'java/lang/invoke/LambdaForm$MH+0x00007efcdc1a4800'
Event: 3.019 Thread 0x00007efd3816b440 Unloading class 0x00007efcdc1a4400 'java/lang/invoke/LambdaForm$MH+0x00007efcdc1a4400'
Event: 3.019 Thread 0x00007efd3816b440 Unloading class 0x00007efcdc1a4000 'java/lang/invoke/LambdaForm$BMH+0x00007efcdc1a4000'
Event: 3.019 Thread 0x00007efd3816b440 Unloading class 0x00007efcdc1a3c00 'java/lang/invoke/LambdaForm$DMH+0x00007efcdc1a3c00'
Event: 3.019 Thread 0x00007efd3816b440 Unloading class 0x00007efcdc1a2800 'java/lang/invoke/LambdaForm$DMH+0x00007efcdc1a2800'
Event: 8.160 Thread 0x00007efd3816b440 Unloading class 0x00007efcdc5a1000 'java/lang/invoke/LambdaForm$DMH+0x00007efcdc5a1000'
Event: 8.160 Thread 0x00007efd3816b440 Unloading class 0x00007efcdc5a0c00 'java/lang/invoke/LambdaForm$DMH+0x00007efcdc5a0c00'
Event: 8.160 Thread 0x00007efd3816b440 Unloading class 0x00007efcdc5a1400 'java/lang/invoke/LambdaForm$DMH+0x00007efcdc5a1400'

Classes redefined (0 events):
No events

Internal exceptions (20 events):
Event: 1297.317 Thread 0x00007efc4803e150 Exception <a 'sun/nio/fs/UnixException'{0x00000000d5aebb30}> (0x00000000d5aebb30) 
thrown [src/hotspot/share/prims/jni.cpp, line 520]
Event: 1297.317 Thread 0x00007efc4803e150 Exception <a 'sun/nio/fs/UnixException'{0x00000000d5aec360}> (0x00000000d5aec360) 
thrown [src/hotspot/share/prims/jni.cpp, line 520]
Event: 1298.431 Thread 0x00007efc4803e150 Exception <a 'sun/nio/fs/UnixException'{0x00000000d56cb220}> (0x00000000d56cb220) 
thrown [src/hotspot/share/prims/jni.cpp, line 520]
Event: 5772.227 Thread 0x00007efd38606cd0 Exception <a 'java/lang/IncompatibleClassChangeError'{0x00000000d5622e50}: Found class java.lang.Object, but interface was expected> (0x00000000d5622e50) 
thrown [src/hotspot/share/interpreter/linkResolver.cpp, line 840]
Event: 5772.310 Thread 0x00007efd38606cd0 Exception <a 'java/lang/IncompatibleClassChangeError'{0x00000000d598e788}: Found class java.lang.Object, but interface was expected> (0x00000000d598e788) 
thrown [src/hotspot/share/interpreter/linkResolver.cpp, line 840]
Event: 5772.315 Thread 0x00007efd38606cd0 Exception <a 'java/lang/IncompatibleClassChangeError'{0x00000000d59c5798}: Found class java.lang.Object, but interface was expected> (0x00000000d59c5798) 
thrown [src/hotspot/share/interpreter/linkResolver.cpp, line 840]
Event: 5772.411 Thread 0x00007efd38606cd0 Exception <a 'java/lang/IncompatibleClassChangeError'{0x00000000d5b34e30}: Found class java.lang.Object, but interface was expected> (0x00000000d5b34e30) 
thrown [src/hotspot/share/interpreter/linkResolver.cpp, line 840]
Event: 5772.484 Thread 0x00007efd38606cd0 Exception <a 'java/lang/IncompatibleClassChangeError'{0x00000000d568d9f8}: Found class java.lang.Object, but interface was expected> (0x00000000d568d9f8) 
thrown [src/hotspot/share/interpreter/linkResolver.cpp, line 840]
Event: 5772.576 Thread 0x00007efd38606cd0 Exception <a 'java/lang/IncompatibleClassChangeError'{0x00000000d56a9048}: Found class java.lang.Object, but interface was expected> (0x00000000d56a9048) 
thrown [src/hotspot/share/interpreter/linkResolver.cpp, line 840]
Event: 5772.633 Thread 0x00007efc4803e150 Exception <a 'java/lang/NoSuchMethodError'{0x00000000d5672b40}: 'java.lang.Object java.lang.invoke.DirectMethodHandle$Holder.invokeSpecial(java.lang.Object, java.lang.Object, int, long)'> (0x00000000d5672b40) 
thrown [src/hotspot/share/interpreter/linkResolver.cpp, line 772]
Event: 5772.658 Thread 0x00007efc5405e9f0 Exception <a 'java/lang/NoSuchMethodError'{0x00000000d55dc648}: 'java.lang.Object java.lang.invoke.DirectMethodHandle$Holder.invokeSpecial(java.lang.Object, java.lang.Object, java.lang.Object, java.lang.Object, int, java.lang.Object, java.lang.Object)'> (0x00000000d55dc648) 
thrown [src/hotspot/share/interpreter/linkResolver.cpp, line 772]
Event: 5772.658 Thread 0x00007efc540600f0 Exception <a 'java/lang/NoSuchMethodError'{0x00000000d55dcc58}: 'java.lang.Object java.lang.invoke.DirectMethodHandle$Holder.invokeSpecial(java.lang.Object, java.lang.Object, java.lang.Object, java.lang.Object, int, java.lang.Object, java.lang.Object)'> (0x00000000d55dcc58) 
thrown [src/hotspot/share/interpreter/linkResolver.cpp, line 772]
Event: 5772.710 Thread 0x00007efc54072970 Exception <a 'java/lang/NoSuchMethodError'{0x00000000d5798fa8}: 'int java.lang.invoke.Invokers$Holder.invokeExact_MT(java.lang.Object, java.lang.Object)'> (0x00000000d5798fa8) 
thrown [src/hotspot/share/interpreter/linkResolver.cpp, line 772]
Event: 5773.204 Thread 0x00007efc540744b0 Exception <a 'java/lang/NoSuchMethodError'{0x00000000d5624638}: 'java.lang.Object java.lang.invoke.DirectMethodHandle$Holder.newInvokeSpecial(java.lang.Object, int, java.lang.Object, java.lang.Object, java.lang.Object)'> (0x00000000d5624638) 
thrown [src/hotspot/share/interpreter/linkResolver.cpp, line 772]
Event: 5778.572 Thread 0x00007efc540744b0 Implicit null exception at 0x00007efd2dc4fdbf to 0x00007efd2dc4fe11
Event: 5778.669 Thread 0x00007efc5405e9f0 Implicit null exception at 0x00007efd2dd8c4ba to 0x00007efd2dd8c516
Event: 5779.024 Thread 0x00007efd38606cd0 Exception <a 'java/lang/IncompatibleClassChangeError'{0x00000000d57f3a18}: Found class java.lang.Object, but interface was expected> (0x00000000d57f3a18) 
thrown [src/hotspot/share/interpreter/linkResolver.cpp, line 840]
Event: 5779.027 Thread 0x00007efc5405e9f0 Exception <a 'java/lang/NoSuchMethodError'{0x00000000d560b940}: 'java.lang.Object java.lang.invoke.DirectMethodHandle$Holder.invokeStatic(java.lang.Object, int, int, java.lang.Object)'> (0x00000000d560b940) 
thrown [src/hotspot/share/interpreter/linkResolver.cpp, line 772]
Event: 5779.046 Thread 0x00007efc5405e9f0 Exception <a 'java/lang/NoSuchMethodError'{0x00000000d55805d8}: 'java.lang.Object java.lang.invoke.DirectMethodHandle$Holder.invokeStatic(java.lang.Object, int, java.lang.Object)'> (0x00000000d55805d8) 
thrown [src/hotspot/share/interpreter/linkResolver.cpp, line 772]
Event: 5779.143 Thread 0x00007efd38606cd0 Exception <a 'java/lang/IncompatibleClassChangeError'{0x00000000d5661af0}: Found class java.lang.Object, but interface was expected> (0x00000000d5661af0) 
thrown [src/hotspot/share/interpreter/linkResolver.cpp, line 840]

ZGC Phase Switch (0 events):
No events

VM Operations (20 events):
Event: 8408.153 Executing VM operation: HandshakeAllThreads (HandshakeForDeflation)
Event: 8408.154 Executing VM operation: HandshakeAllThreads (HandshakeForDeflation) done
Event: 8408.154 Executing VM operation: RendezvousGCThreads
Event: 8408.154 Executing VM operation: RendezvousGCThreads done
Event: 9188.648 Executing VM operation: HandshakeAllThreads (HandshakeForDeflation)
Event: 9188.648 Executing VM operation: HandshakeAllThreads (HandshakeForDeflation) done
Event: 9188.648 Executing VM operation: RendezvousGCThreads
Event: 9188.648 Executing VM operation: RendezvousGCThreads done
Event: 9308.725 Executing VM operation: HandshakeAllThreads (HandshakeForDeflation)
Event: 9308.725 Executing VM operation: HandshakeAllThreads (HandshakeForDeflation) done
Event: 9308.725 Executing VM operation: RendezvousGCThreads
Event: 9308.725 Executing VM operation: RendezvousGCThreads done
Event: 9608.913 Executing VM operation: HandshakeAllThreads (HandshakeForDeflation)
Event: 9608.913 Executing VM operation: HandshakeAllThreads (HandshakeForDeflation) done
Event: 9608.913 Executing VM operation: RendezvousGCThreads
Event: 9608.913 Executing VM operation: RendezvousGCThreads done
Event: 9789.023 Executing VM operation: HandshakeAllThreads (HandshakeForDeflation)
Event: 9789.023 Executing VM operation: HandshakeAllThreads (HandshakeForDeflation) done
Event: 9789.023 Executing VM operation: RendezvousGCThreads
Event: 9789.023 Executing VM operation: RendezvousGCThreads done

Memory protections (20 events):
Event: 1297.182 Protecting memory [0x00007efc3fafb000,0x00007efc3faff000] with protection modes 0
Event: 1297.184 Protecting memory [0x00007efc3fbfc000,0x00007efc3fc00000] with protection modes 0
Event: 1297.248 Protecting memory [0x00007efc3f4f5000,0x00007efc3f4f9000] with protection modes 0
Event: 1297.248 Protecting memory [0x00007efc3fafb000,0x00007efc3faff000] with protection modes 0
Event: 1297.248 Protecting memory [0x00007efc3fbfc000,0x00007efc3fc00000] with protection modes 0
Event: 1297.248 Protecting memory [0x00007efc3f3f4000,0x00007efc3f3f8000] with protection modes 0
Event: 1297.248 Protecting memory [0x00007efc3f6f7000,0x00007efc3f6fb000] with protection modes 0
Event: 1595.893 Protecting memory [0x00007efc3f6f7000,0x00007efc3f6fb000] with protection modes 0
Event: 1595.896 Protecting memory [0x00007efc3f6f7000,0x00007efc3f6fb000] with protection modes 0
Event: 1595.896 Protecting memory [0x00007efc3fafb000,0x00007efc3faff000] with protection modes 0
Event: 1595.897 Protecting memory [0x00007efc3fbfc000,0x00007efc3fc00000] with protection modes 0
Event: 5772.218 Protecting memory [0x00007efc3fafb000,0x00007efc3faff000] with protection modes 0
Event: 5772.220 Protecting memory [0x00007efc3f6f7000,0x00007efc3f6fb000] with protection modes 0
Event: 5772.315 Protecting memory [0x00007efc3fbfc000,0x00007efc3fc00000] with protection modes 0
Event: 5772.316 Protecting memory [0x00007efc3f3f4000,0x00007efc3f3f8000] with protection modes 0
Event: 5772.317 Protecting memory [0x00007efc3f4f5000,0x00007efc3f4f9000] with protection modes 0
Event: 5772.325 Protecting memory [0x00007efc3fdfe000,0x00007efc3fe02000] with protection modes 0
Event: 5772.328 Protecting memory [0x00007efcd808a000,0x00007efcd808e000] with protection modes 0
Event: 5772.412 Protecting memory [0x00007efc3f7f8000,0x00007efc3f7fc000] with protection modes 0
Event: 5773.682 Protecting memory [0x00007efcd808a000,0x00007efcd808e000] with protection modes 0

Nmethod flushes (20 events):
Event: 8.185 Thread 0x00007efd3816b440 flushing  nmethod 0x00007efd265da090
Event: 8.185 Thread 0x00007efd3816b440 flushing  nmethod 0x00007efd265da610
Event: 8.185 Thread 0x00007efd3816b440 flushing  nmethod 0x00007efd265e2e90
Event: 8.185 Thread 0x00007efd3816b440 flushing  nmethod 0x00007efd265e3f10
Event: 8.185 Thread 0x00007efd3816b440 flushing  nmethod 0x00007efd265e5c90
Event: 8.185 Thread 0x00007efd3816b440 flushing  nmethod 0x00007efd265e6210
Event: 8.185 Thread 0x00007efd3816b440 flushing  nmethod 0x00007efd265e7390
Event: 8.185 Thread 0x00007efd3816b440 flushing  nmethod 0x00007efd265e7a90
Event: 8.185 Thread 0x00007efd3816b440 flushing  nmethod 0x00007efd265e8710
Event: 8.185 Thread 0x00007efd3816b440 flushing  nmethod 0x00007efd265e9010
Event: 8.185 Thread 0x00007efd3816b440 flushing  nmethod 0x00007efd265e9690
Event: 8.185 Thread 0x00007efd3816b440 flushing  nmethod 0x00007efd265ec090
Event: 8.185 Thread 0x00007efd3816b440 flushing  nmethod 0x00007efd265ec490
Event: 8.185 Thread 0x00007efd3816b440 flushing  nmethod 0x00007efd265ee610
Event: 8.185 Thread 0x00007efd3816b440 flushing  nmethod 0x00007efd265f7910
Event: 8.185 Thread 0x00007efd3816b440 flushing  nmethod 0x00007efd265fc190
Event: 8.185 Thread 0x00007efd3816b440 flushing  nmethod 0x00007efd265fc490
Event: 8.185 Thread 0x00007efd3816b440 flushing  nmethod 0x00007efd265fcd90
Event: 8.185 Thread 0x00007efd3816b440 flushing  nmethod 0x00007efd265fd790
Event: 8.185 Thread 0x00007efd3816b440 flushing  nmethod 0x00007efd26605c90

Events (20 events):
Event: 1595.897 Thread 0x00007efc080f66c0 Thread exited: 0x00007efc080f66c0
Event: 1595.897 Thread 0x00007efc6c2289c0 Thread exited: 0x00007efc6c2289c0
Event: 1595.897 Thread 0x00007efc080010d0 Thread exited: 0x00007efc080010d0
Event: 5772.218 Thread 0x00007efd38606cd0 Thread added: 0x00007efc540744b0
Event: 5772.219 Thread 0x00007efd38606cd0 Thread added: 0x00007efc54072970
Event: 5772.315 Thread 0x00007efd38606cd0 Thread added: 0x00007efc5405e9f0
Event: 5772.316 Thread 0x00007efd38606cd0 Thread added: 0x00007efc5405f0f0
Event: 5772.316 Thread 0x00007efc5405f0f0 Thread added: 0x00007efc040027f0
Event: 5772.323 Thread 0x00007efd38606cd0 Thread added: 0x00007efc540600f0
Event: 5772.328 Thread 0x00007efc5405f0f0 Thread added: 0x00007efc04010c00
Event: 5772.412 Thread 0x00007efd38606cd0 Thread added: 0x00007efc54062210
Event: 5772.663 Thread 0x00007efc04010c00 Thread exited: 0x00007efc04010c00
Event: 5773.682 Thread 0x00007efc540744b0 Thread added: 0x00007efc240b5c80
Event: 5868.811 Thread 0x00007efc5405e9f0 Thread exited: 0x00007efc5405e9f0
Event: 5928.811 Thread 0x00007efc54072970 Thread exited: 0x00007efc54072970
Event: 5988.811 Thread 0x00007efc5405f0f0 Thread exited: 0x00007efc5405f0f0
Event: 6048.810 Thread 0x00007efc040027f0 Thread exited: 0x00007efc040027f0
Event: 6108.810 Thread 0x00007efc540744b0 Thread exited: 0x00007efc540744b0
Event: 6168.810 Thread 0x00007efc540600f0 Thread exited: 0x00007efc540600f0
Event: 6228.810 Thread 0x00007efc54062210 Thread exited: 0x00007efc54062210


Dynamic libraries:
80000000-9f180000 rw-p 00000000 00:00 0 
9f180000-d5580000 ---p 00000000 00:00 0 
d5580000-d5a00000 rw-p 00000000 00:00 0 
d5a00000-100000000 ---p 00000000 00:00 0 
564f4ddc0000-564f4ddc1000 r-xp 00000000 00:1c 20679231                   /home/chandrima/.vscode/extensions/redhat.java-1.46.0-linux-x64/jre/21.0.8-linux-x86_64/bin/java
564f4ddc2000-564f4ddc3000 r--p 00001000 00:1c 20679231                   /home/chandrima/.vscode/extensions/redhat.java-1.46.0-linux-x64/jre/21.0.8-linux-x86_64/bin/java
564f4ddc3000-564f4ddc4000 rw-p 00002000 00:1c 20679231                   /home/chandrima/.vscode/extensions/redhat.java-1.46.0-linux-x64/jre/21.0.8-linux-x86_64/bin/java
564f88c6b000-564f88cb1000 rw-p 00000000 00:00 0                          [heap]
7efbfc000000-7efbfc021000 rw-p 00000000 00:00 0 
7efbfc021000-7efc00000000 ---p 00000000 00:00 0 
7efc00000000-7efc00370000 rw-p 00000000 00:00 0 
7efc00370000-7efc04000000 ---p 00000000 00:00 0 
7efc04000000-7efc04040000 rw-p 00000000 00:00 0 
7efc04040000-7efc08000000 ---p 00000000 00:00 0 
7efc08000000-7efc0817b000 rw-p 00000000 00:00 0 
7efc0817b000-7efc0c000000 ---p 00000000 00:00 0 
7efc0c000000-7efc0c02d000 rw-p 00000000 00:00 0 
7efc0c02d000-7efc10000000 ---p 00000000 00:00 0 
7efc10000000-7efc10021000 rw-p 00000000 00:00 0 
7efc10021000-7efc14000000 ---p 00000000 00:00 0 
7efc14000000-7efc14021000 rw-p 00000000 00:00 0 
7efc14021000-7efc18000000 ---p 00000000 00:00 0 
7efc18000000-7efc1804b000 rw-p 00000000 00:00 0 
7efc1804b000-7efc1c000000 ---p 00000000 00:00 0 
7efc1c000000-7efc1c046000 rw-p 00000000 00:00 0 
7efc1c046000-7efc20000000 ---p 00000000 00:00 0 
7efc20000000-7efc204cf000 rw-p 00000000 00:00 0 
7efc204cf000-7efc24000000 ---p 00000000 00:00 0 
7efc24000000-7efc24107000 rw-p 00000000 00:00 0 
7efc24107000-7efc28000000 ---p 00000000 00:00 0 
7efc2854c000-7efc30000000 r--s 00000000 00:1c 9248748                    /usr/lib/jvm/java-17-openjdk-amd64/lib/modules
7efc30000000-7efc30022000 rw-p 00000000 00:00 0 
7efc30022000-7efc34000000 ---p 00000000 00:00 0 
7efc34000000-7efc34021000 rw-p 00000000 00:00 0 
7efc34021000-7efc38000000 ---p 00000000 00:00 0 
7efc38000000-7efc38035000 rw-p 00000000 00:00 0 
7efc38035000-7efc3c000000 ---p 00000000 00:00 0 
7efc3f00c000-7efc3f2f3000 rw-p 00000000 00:00 0 
7efc3f2f3000-7efc3f2f7000 ---p 00000000 00:00 0 
7efc3f2f7000-7efc3f3f4000 rw-p 00000000 00:00 0 
7efc3f3f4000-7efc3f3f8000 ---p 00000000 00:00 0 
7efc3f3f8000-7efc3f4f5000 rw-p 00000000 00:00 0 
7efc3f4f5000-7efc3f4f9000 ---p 00000000 00:00 0 
7efc3f4f9000-7efc3f5f6000 rw-p 00000000 00:00 0 
7efc3f5f6000-7efc3f5fa000 ---p 00000000 00:00 0 
7efc3f5fa000-7efc3f6f7000 rw-p 00000000 00:00 0 
7efc3f6f7000-7efc3f6fb000 ---p 00000000 00:00 0 
7efc3f6fb000-7efc3f7f8000 rw-p 00000000 00:00 0 
7efc3f7f8000-7efc3f7fc000 ---p 00000000 00:00 0 
7efc3f7fc000-7efc3f8f9000 rw-p 00000000 00:00 0 
7efc3f8f9000-7efc3f8fd000 ---p 00000000 00:00 0 
7efc3f8fd000-7efc3f9fa000 rw-p 00000000 00:00 0 
7efc3f9fa000-7efc3f9fe000 ---p 00000000 00:00 0 
7efc3f9fe000-7efc3fafb000 rw-p 00000000 00:00 0 
7efc3fafb000-7efc3faff000 ---p 00000000 00:00 0 
7efc3faff000-7efc3fbfc000 rw-p 00000000 00:00 0 
7efc3fbfc000-7efc3fc00000 ---p 00000000 00:00 0 
7efc3fc00000-7efc3fcfd000 rw-p 00000000 00:00 0 
7efc3fcfd000-7efc3fd01000 ---p 00000000 00:00 0 
7efc3fd01000-7efc3fdfe000 rw-p 00000000 00:00 0 
7efc3fdfe000-7efc3fe02000 ---p 00000000 00:00 0 
7efc3fe02000-7efc3feff000 rw-p 00000000 00:00 0 
7efc3feff000-7efc3ff03000 ---p 00000000 00:00 0 
7efc3ff03000-7efc40000000 rw-p 00000000 00:00 0 
7efc40000000-7efc400b1000 rw-p 00000000 00:00 0 
7efc400b1000-7efc44000000 ---p 00000000 00:00 0 
7efc44000000-7efc44168000 rw-p 00000000 00:00 0 
7efc44168000-7efc48000000 ---p 00000000 00:00 0 
7efc48000000-7efc480fc000 rw-p 00000000 00:00 0 
7efc480fc000-7efc4c000000 ---p 00000000 00:00 0 
7efc4c000000-7efc4d969000 rw-p 00000000 00:00 0 
7efc4d969000-7efc50000000 ---p 00000000 00:00 0 
7efc50000000-7efc50063000 rw-p 00000000 00:00 0 
7efc50063000-7efc54000000 ---p 00000000 00:00 0 
7efc54000000-7efc540e1000 rw-p 00000000 00:00 0 
7efc540e1000-7efc58000000 ---p 00000000 00:00 0 
7efc58000000-7efc5871b000 rw-p 00000000 00:00 0 
7efc5871b000-7efc5c000000 ---p 00000000 00:00 0 
7efc5c000000-7efc5c021000 rw-p 00000000 00:00 0 
7efc5c021000-7efc60000000 ---p 00000000 00:00 0 
7efc60000000-7efc600c2000 rw-p 00000000 00:00 0 
7efc600c2000-7efc64000000 ---p 00000000 00:00 0 
7efc64000000-7efc64021000 rw-p 00000000 00:00 0 
7efc64021000-7efc68000000 ---p 00000000 00:00 0 
7efc68000000-7efc6844b000 rw-p 00000000 00:00 0 
7efc6844b000-7efc6c000000 ---p 00000000 00:00 0 
7efc6c000000-7efc6c24f000 rw-p 00000000 00:00 0 
7efc6c24f000-7efc70000000 ---p 00000000 00:00 0 
7efc70000000-7efc70021000 rw-p 00000000 00:00 0 
7efc70021000-7efc74000000 ---p 00000000 00:00 0 
7efc74000000-7efc74021000 rw-p 00000000 00:00 0 
7efc74021000-7efc78000000 ---p 00000000 00:00 0 
7efc78000000-7efc78021000 rw-p 00000000 00:00 0 
7efc78021000-7efc7c000000 ---p 00000000 00:00 0 
7efc7c000000-7efc7c021000 rw-p 00000000 00:00 0 
7efc7c021000-7efc80000000 ---p 00000000 00:00 0 
7efc80000000-7efc80021000 rw-p 00000000 00:00 0 
7efc80021000-7efc84000000 ---p 00000000 00:00 0 
7efc84000000-7efc84021000 rw-p 00000000 00:00 0 
7efc84021000-7efc88000000 ---p 00000000 00:00 0 
7efc88000000-7efc88021000 rw-p 00000000 00:00 0 
7efc88021000-7efc8c000000 ---p 00000000 00:00 0 
7efc8c000000-7efc8cb5d000 rw-p 00000000 00:00 0 
7efc8cb5d000-7efc90000000 ---p 00000000 00:00 0 
7efc90000000-7efc90030000 rw-p 00000000 00:00 0 
7efc90030000-7efc94000000 ---p 00000000 00:00 0 
7efc94000000-7efc94021000 rw-p 00000000 00:00 0 
7efc94021000-7efc98000000 ---p 00000000 00:00 0 
7efc98000000-7efc98021000 rw-p 00000000 00:00 0 
7efc98021000-7efc9c000000 ---p 00000000 00:00 0 
7efc9c000000-7efc9c02c000 rw-p 00000000 00:00 0 
7efc9c02c000-7efca0000000 ---p 00000000 00:00 0 
7efca0000000-7efca0021000 rw-p 00000000 00:00 0 
7efca0021000-7efca4000000 ---p 00000000 00:00 0 
7efca4000000-7efca4021000 rw-p 00000000 00:00 0 
7efca4021000-7efca8000000 ---p 00000000 00:00 0 
7efca8000000-7efca8021000 rw-p 00000000 00:00 0 
7efca8021000-7efcac000000 ---p 00000000 00:00 0 
7efcac000000-7efcac021000 rw-p 00000000 00:00 0 
7efcac021000-7efcb0000000 ---p 00000000 00:00 0 
7efcb0000000-7efcb1f6e000 rw-p 00000000 00:00 0 
7efcb1f6e000-7efcb4000000 ---p 00000000 00:00 0 
7efcb4000000-7efcb4e4b000 rw-p 00000000 00:00 0 
7efcb4e4b000-7efcb8000000 ---p 00000000 00:00 0 
7efcb8000000-7efcb8021000 rw-p 00000000 00:00 0 
7efcb8021000-7efcbc000000 ---p 00000000 00:00 0 
7efcbc000000-7efcbc021000 rw-p 00000000 00:00 0 
7efcbc021000-7efcc0000000 ---p 00000000 00:00 0 
7efcc0000000-7efcc0021000 rw-p 00000000 00:00 0 
7efcc0021000-7efcc4000000 ---p 00000000 00:00 0 
7efcc4000000-7efcc4021000 rw-p 00000000 00:00 0 
7efcc4021000-7efcc8000000 ---p 00000000 00:00 0 
7efcc8000000-7efcc8021000 rw-p 00000000 00:00 0 
7efcc8021000-7efccc000000 ---p 00000000 00:00 0 
7efccc000000-7efccc021000 rw-p 00000000 00:00 0 
7efccc021000-7efcd0000000 ---p 00000000 00:00 0 
7efcd0000000-7efcd0400000 rw-p 00000000 00:00 0 
7efcd0400000-7efcd0900000 rw-p 00000000 00:00 0 
7efcd0900000-7efcd09c0000 rw-p 00000000 00:00 0 
7efcd09c0000-7efcd0b00000 rw-p 00000000 00:00 0 
7efcd0b00000-7efcd0c00000 rw-p 00000000 00:00 0 
7efcd0c00000-7efcd1200000 rw-p 00000000 00:00 0 
7efcd1200000-7efcd1900000 rw-p 00000000 00:00 0 
7efcd1900000-7efcd1a00000 rw-p 00000000 00:00 0 
7efcd1a00000-7efcd1d00000 rw-p 00000000 00:00 0 
7efcd1d00000-7efcd2900000 rw-p 00000000 00:00 0 
7efcd2900000-7efcd2a00000 rw-p 00000000 00:00 0 
7efcd2a00000-7efcd37c0000 rw-p 00000000 00:00 0 
7efcd37c0000-7efcd3800000 rw-p 00000000 00:00 0 
7efcd3800000-7efcd3900000 rw-p 00000000 00:00 0 
7efcd3900000-7efcd3a00000 rw-p 00000000 00:00 0 
7efcd3a00000-7efcd3b00000 rw-p 00000000 00:00 0 
7efcd3b00000-7efcd3d00000 rw-p 00000000 00:00 0 
7efcd3d00000-7efcd3e00000 rw-p 00000000 00:00 0 
7efcd3e00000-7efcd4000000 rw-p 00000000 00:00 0 
7efcd4000000-7efcd418e000 rw-p 00000000 00:00 0 
7efcd418e000-7efcd8000000 ---p 00000000 00:00 0 
7efcd808a000-7efcd808e000 ---p 00000000 00:00 0 
7efcd808e000-7efcd818b000 rw-p 00000000 00:00 0 
7efcd818b000-7efcd818f000 ---p 00000000 00:00 0 
7efcd818f000-7efcd828c000 rw-p 00000000 00:00 0 
7efcd828c000-7efcd8290000 ---p 00000000 00:00 0 
7efcd8290000-7efcd838d000 rw-p 00000000 00:00 0 
7efcd838d000-7efcd8391000 ---p 00000000 00:00 0 
7efcd8391000-7efcd848e000 rw-p 00000000 00:00 0 
7efcd848e000-7efcd8492000 ---p 00000000 00:00 0 
7efcd8492000-7efcd858f000 rw-p 00000000 00:00 0 
7efcd8627000-7efcd862b000 r--p 00000000 00:1c 9201395                    /usr/lib/x86_64-linux-gnu/libresolv-2.31.so
7efcd862b000-7efcd863b000 r-xp 00004000 00:1c 9201395                    /usr/lib/x86_64-linux-gnu/libresolv-2.31.so
7efcd863b000-7efcd863f000 r--p 00014000 00:1c 9201395                    /usr/lib/x86_64-linux-gnu/libresolv-2.31.so
7efcd863f000-7efcd8640000 r--p 00017000 00:1c 9201395                    /usr/lib/x86_64-linux-gnu/libresolv-2.31.so
7efcd8640000-7efcd8641000 rw-p 00018000 00:1c 9201395                    /usr/lib/x86_64-linux-gnu/libresolv-2.31.so
7efcd8641000-7efcd8643000 rw-p 00000000 00:00 0 
7efcd8663000-7efcd8667000 ---p 00000000 00:00 0 
7efcd8667000-7efcd8764000 rw-p 00000000 00:00 0 
7efcd8764000-7efcd8768000 ---p 00000000 00:00 0 
7efcd8768000-7efcd8865000 rw-p 00000000 00:00 0 
7efcd8865000-7efcd8869000 ---p 00000000 00:00 0 
7efcd8869000-7efcd8966000 rw-p 00000000 00:00 0 
7efcd8966000-7efcd896a000 ---p 00000000 00:00 0 
7efcd896a000-7efcd8a67000 rw-p 00000000 00:00 0 
7efcd8a67000-7efcd8a6b000 ---p 00000000 00:00 0 
7efcd8a6b000-7efcd8b68000 rw-p 00000000 00:00 0 
7efcd8b68000-7efcd8b6c000 ---p 00000000 00:00 0 
7efcd8b6c000-7efcd8c69000 rw-p 00000000 00:00 0 
7efcd8c69000-7efcd8c6d000 ---p 00000000 00:00 0 
7efcd8c6d000-7efcd8d6a000 rw-p 00000000 00:00 0 
7efcd8d6a000-7efcd8d6b000 ---p 00000000 00:00 0 
7efcd8d6b000-7efcd8e6b000 rw-p 00000000 00:00 0 
7efcd8e6b000-7efcd8e6f000 ---p 00000000 00:00 0 
7efcd8e6f000-7efcd8f6c000 rw-p 00000000 00:00 0 
7efcd8f6c000-7efcd8f6d000 ---p 00000000 00:00 0 
7efcd8f6d000-7efcd906d000 rw-p 00000000 00:00 0 
7efcd906d000-7efcd9071000 ---p 00000000 00:00 0 
7efcd9071000-7efcd916e000 rw-p 00000000 00:00 0 
7efcd916e000-7efcd9172000 ---p 00000000 00:00 0 
7efcd9172000-7efcd926f000 rw-p 00000000 00:00 0 
7efcd926f000-7efcd9270000 ---p 00000000 00:00 0 
7efcd9270000-7efcd9370000 rw-p 00000000 00:00 0 
7efcd9370000-7efcd9374000 ---p 00000000 00:00 0 
7efcd9374000-7efcd9471000 rw-p 00000000 00:00 0 
7efcd9471000-7efcd9475000 ---p 00000000 00:00 0 
7efcd9475000-7efcd9572000 rw-p 00000000 00:00 0 
7efcd9572000-7efcd9573000 ---p 00000000 00:00 0 
7efcd9573000-7efcd9673000 rw-p 00000000 00:00 0 
7efcd9673000-7efcd9677000 ---p 00000000 00:00 0 
7efcd9677000-7efcd9774000 rw-p 00000000 00:00 0 
7efcd9774000-7efcd9775000 ---p 00000000 00:00 0 
7efcd9775000-7efcd9875000 rw-p 00000000 00:00 0 
7efcd9875000-7efcd9876000 ---p 00000000 00:00 0 
7efcd9876000-7efcd9976000 rw-p 00000000 00:00 0 
7efcd9978000-7efcd997f000 r--s 00000000 00:1c 9201648                    /usr/lib/x86_64-linux-gnu/gconv/gconv-modules.cache
7efcd997f000-7efcd9983000 ---p 00000000 00:00 0 
7efcd9983000-7efcd9a80000 rw-p 00000000 00:00 0 
7efcd9a80000-7efcd9a81000 ---p 00000000 00:00 0 
7efcd9a81000-7efcd9b81000 rw-p 00000000 00:00 0 
7efcd9b81000-7efcd9b85000 ---p 00000000 00:00 0 
7efcd9b85000-7efcd9c82000 rw-p 00000000 00:00 0 
7efcd9c82000-7efcd9c86000 ---p 00000000 00:00 0 
7efcd9c86000-7efcd9d83000 rw-p 00000000 00:00 0 
7efcd9d83000-7efcd9d87000 ---p 00000000 00:00 0 
7efcd9d87000-7efcd9e84000 rw-p 00000000 00:00 0 
7efcd9e84000-7efcd9e88000 ---p 00000000 00:00 0 
7efcd9e88000-7efcd9f85000 rw-p 00000000 00:00 0 
7efcd9f85000-7efcd9f89000 ---p 00000000 00:00 0 
7efcd9f89000-7efcda086000 rw-p 00000000 00:00 0 
7efcda086000-7efcda08a000 ---p 00000000 00:00 0 
7efcda08a000-7efcda187000 rw-p 00000000 00:00 0 
7efcda187000-7efcda18b000 ---p 00000000 00:00 0 
7efcda18b000-7efcda288000 rw-p 00000000 00:00 0 
7efcda288000-7efcda28c000 ---p 00000000 00:00 0 
7efcda28c000-7efcda389000 rw-p 00000000 00:00 0 
7efcda389000-7efcda38d000 ---p 00000000 00:00 0 
7efcda38d000-7efcda48a000 rw-p 00000000 00:00 0 
7efcda48a000-7efcda9fa000 r--p 00000000 00:1c 9251648                    /usr/lib/locale/locale-archive
7efcda9fa000-7efcda9fb000 ---p 00000000 00:00 0 
7efcda9fb000-7efcdb000000 rw-p 00000000 00:00 0 
7efcdb000000-7efcdbbbf000 rw-p 00001000 00:1c 20679265                   /home/chandrima/.vscode/extensions/redhat.java-1.46.0-linux-x64/jre/21.0.8-linux-x86_64/lib/server/classes.jsa
7efcdbbbf000-7efcdc000000 ---p 00000000 00:00 0 
7efcdc000000-7efcdc040000 rw-p 00000000 00:00 0 
7efcdc040000-7efcdc0c0000 rw-p 00000000 00:00 0 
7efcdc0c0000-7efcdc100000 rw-p 00000000 00:00 0 
7efcdc100000-7efcdc1c0000 rw-p 00000000 00:00 0 
7efcdc1c0000-7efcdc200000 rw-p 00000000 00:00 0 
7efcdc200000-7efcdc3c0000 rw-p 00000000 00:00 0 
7efcdc3c0000-7efcdc780000 rw-p 00000000 00:00 0 
7efcdc780000-7efcdc7c0000 rw-p 00000000 00:00 0 
7efcdc7c0000-7efcdc8b0000 rw-p 00000000 00:00 0 
7efcdc8b0000-7efd1c000000 ---p 00000000 00:00 0 
7efd1c000000-7efd20000000 rw-p 00000000 00:00 0 
7efd20000000-7efd20021000 rw-p 00000000 00:00 0 
7efd20021000-7efd24000000 ---p 00000000 00:00 0 
7efd24002000-7efd24003000 r--p 00000000 00:1c 9201388                    /usr/lib/x86_64-linux-gnu/libnss_dns-2.31.so
7efd24003000-7efd24007000 r-xp 00001000 00:1c 9201388                    /usr/lib/x86_64-linux-gnu/libnss_dns-2.31.so
7efd24007000-7efd24008000 r--p 00005000 00:1c 9201388                    /usr/lib/x86_64-linux-gnu/libnss_dns-2.31.so
7efd24008000-7efd24009000 r--p 00005000 00:1c 9201388                    /usr/lib/x86_64-linux-gnu/libnss_dns-2.31.so
7efd24009000-7efd2400a000 rw-p 00006000 00:1c 9201388                    /usr/lib/x86_64-linux-gnu/libnss_dns-2.31.so
7efd2400a000-7efd2400e000 r--p 00000000 00:1c 20704576                   /home/chandrima/.config/Code/User/globalStorage/redhat.java/1.46.0/config_linux/org.eclipse.equinox.launcher/org.eclipse.equinox.launcher.gtk.linux.x86_64_1.2.1500.v20250801-0854/eclipse_11916.so
7efd2400e000-7efd24018000 r-xp 00004000 00:1c 20704576                   /home/chandrima/.config/Code/User/globalStorage/redhat.java/1.46.0/config_linux/org.eclipse.equinox.launcher/org.eclipse.equinox.launcher.gtk.linux.x86_64_1.2.1500.v20250801-0854/eclipse_11916.so
7efd24018000-7efd2401b000 r--p 0000e000 00:1c 20704576                   /home/chandrima/.config/Code/User/globalStorage/redhat.java/1.46.0/config_linux/org.eclipse.equinox.launcher/org.eclipse.equinox.launcher.gtk.linux.x86_64_1.2.1500.v20250801-0854/eclipse_11916.so
7efd2401b000-7efd2401c000 r--p 00010000 00:1c 20704576                   /home/chandrima/.config/Code/User/globalStorage/redhat.java/1.46.0/config_linux/org.eclipse.equinox.launcher/org.eclipse.equinox.launcher.gtk.linux.x86_64_1.2.1500.v20250801-0854/eclipse_11916.so
7efd2401c000-7efd2401d000 rw-p 00011000 00:1c 20704576                   /home/chandrima/.config/Code/User/globalStorage/redhat.java/1.46.0/config_linux/org.eclipse.equinox.launcher/org.eclipse.equinox.launcher.gtk.linux.x86_64_1.2.1500.v20250801-0854/eclipse_11916.so
7efd2401d000-7efd2401e000 rw-p 00000000 00:00 0 
7efd2401e000-7efd2402b000 r-xp 00000000 00:1c 20679154                   /home/chandrima/.vscode/extensions/redhat.java-1.46.0-linux-x64/jre/21.0.8-linux-x86_64/lib/libverify.so
7efd2402b000-7efd2402d000 r--p 0000c000 00:1c 20679154                   /home/chandrima/.vscode/extensions/redhat.java-1.46.0-linux-x64/jre/21.0.8-linux-x86_64/lib/libverify.so
7efd2402d000-7efd2402e000 rw-p 0000e000 00:1c 20679154                   /home/chandrima/.vscode/extensions/redhat.java-1.46.0-linux-x64/jre/21.0.8-linux-x86_64/lib/libverify.so
7efd2402e000-7efd2403a000 r-xp 00000000 00:1c 20679162                   /home/chandrima/.vscode/extensions/redhat.java-1.46.0-linux-x64/jre/21.0.8-linux-x86_64/lib/libnet.so
7efd2403a000-7efd2403b000 r--p 0000b000 00:1c 20679162                   /home/chandrima/.vscode/extensions/redhat.java-1.46.0-linux-x64/jre/21.0.8-linux-x86_64/lib/libnet.so
7efd2403b000-7efd2403c000 rw-p 0000c000 00:1c 20679162                   /home/chandrima/.vscode/extensions/redhat.java-1.46.0-linux-x64/jre/21.0.8-linux-x86_64/lib/libnet.so
7efd2403c000-7efd24050000 r-xp 00000000 00:1c 20679161                   /home/chandrima/.vscode/extensions/redhat.java-1.46.0-linux-x64/jre/21.0.8-linux-x86_64/lib/libnio.so
7efd24050000-7efd24051000 r--p 00013000 00:1c 20679161                   /home/chandrima/.vscode/extensions/redhat.java-1.46.0-linux-x64/jre/21.0.8-linux-x86_64/lib/libnio.so
7efd24051000-7efd24052000 rw-p 00014000 00:1c 20679161                   /home/chandrima/.vscode/extensions/redhat.java-1.46.0-linux-x64/jre/21.0.8-linux-x86_64/lib/libnio.so
7efd24052000-7efd2406d000 r-xp 00000000 00:1c 20679153                   /home/chandrima/.vscode/extensions/redhat.java-1.46.0-linux-x64/jre/21.0.8-linux-x86_64/lib/libzip.so
7efd2406d000-7efd2406e000 r--p 0001a000 00:1c 20679153                   /home/chandrima/.vscode/extensions/redhat.java-1.46.0-linux-x64/jre/21.0.8-linux-x86_64/lib/libzip.so
7efd2406e000-7efd2406f000 rw-p 0001b000 00:1c 20679153                   /home/chandrima/.vscode/extensions/redhat.java-1.46.0-linux-x64/jre/21.0.8-linux-x86_64/lib/libzip.so
7efd2406f000-7efd2587b000 rw-p 00000000 00:00 0 
7efd2587b000-7efd25a2d000 ---p 00000000 00:00 0 
7efd25a2d000-7efd25b26000 rw-p 00000000 00:00 0 
7efd25b26000-7efd25cd7000 ---p 00000000 00:00 0 
7efd25cd7000-7efd25cda000 rw-p 00000000 00:00 0 
7efd25cda000-7efd25e2e000 ---p 00000000 00:00 0 
7efd25e2e000-7efd2780e000 rwxp 00000000 00:00 0 
7efd2780e000-7efd2d365000 ---p 00000000 00:00 0 
7efd2d365000-7efd2d5d5000 rwxp 00000000 00:00 0 
7efd2d5d5000-7efd2d8f7000 ---p 00000000 00:00 0 
7efd2d8f7000-7efd2e117000 rwxp 00000000 00:00 0 
7efd2e117000-7efd34e2e000 ---p 00000000 00:00 0 
7efd34e2e000-7efd38000000 r--s 00000000 00:1c 20679152                   /home/chandrima/.vscode/extensions/redhat.java-1.46.0-linux-x64/jre/21.0.8-linux-x86_64/lib/modules
7efd38000000-7efd38617000 rw-p 00000000 00:00 0 
7efd38617000-7efd3c000000 ---p 00000000 00:00 0 
7efd3c001000-7efd3c002000 ---p 00000000 00:00 0 
7efd3c002000-7efd3c247000 rw-p 00000000 00:00 0 
7efd3c247000-7efd3c248000 ---p 00000000 00:00 0 
7efd3c248000-7efd3c359000 rw-p 00000000 00:00 0 
7efd3c359000-7efd3c433000 ---p 00000000 00:00 0 
7efd3c433000-7efd3c467000 rw-p 00000000 00:00 0 
7efd3c467000-7efd3c51e000 ---p 00000000 00:00 0 
7efd3c51e000-7efd3c521000 r--p 00000000 00:1c 9201389                    /usr/lib/x86_64-linux-gnu/libnss_files-2.31.so
7efd3c521000-7efd3c528000 r-xp 00003000 00:1c 9201389                    /usr/lib/x86_64-linux-gnu/libnss_files-2.31.so
7efd3c528000-7efd3c52a000 r--p 0000a000 00:1c 9201389                    /usr/lib/x86_64-linux-gnu/libnss_files-2.31.so
7efd3c52a000-7efd3c52b000 r--p 0000b000 00:1c 9201389                    /usr/lib/x86_64-linux-gnu/libnss_files-2.31.so
7efd3c52b000-7efd3c52c000 rw-p 0000c000 00:1c 9201389                    /usr/lib/x86_64-linux-gnu/libnss_files-2.31.so
7efd3c52c000-7efd3c532000 rw-p 00000000 00:00 0 
7efd3c534000-7efd3c536000 r-xp 00000000 00:1c 20679184                   /home/chandrima/.vscode/extensions/redhat.java-1.46.0-linux-x64/jre/21.0.8-linux-x86_64/lib/libextnet.so
7efd3c536000-7efd3c537000 r--p 00001000 00:1c 20679184                   /home/chandrima/.vscode/extensions/redhat.java-1.46.0-linux-x64/jre/21.0.8-linux-x86_64/lib/libextnet.so
7efd3c537000-7efd3c538000 rw-p 00002000 00:1c 20679184                   /home/chandrima/.vscode/extensions/redhat.java-1.46.0-linux-x64/jre/21.0.8-linux-x86_64/lib/libextnet.so
7efd3c538000-7efd3c539000 r--p 00000000 00:1c 28311                      /usr/lib/x86_64-linux-gnu/libnss_mdns4_minimal.so.2
7efd3c539000-7efd3c53b000 r-xp 00001000 00:1c 28311                      /usr/lib/x86_64-linux-gnu/libnss_mdns4_minimal.so.2
7efd3c53b000-7efd3c53c000 r--p 00003000 00:1c 28311                      /usr/lib/x86_64-linux-gnu/libnss_mdns4_minimal.so.2
7efd3c53c000-7efd3c53d000 r--p 00003000 00:1c 28311                      /usr/lib/x86_64-linux-gnu/libnss_mdns4_minimal.so.2
7efd3c53d000-7efd3c53e000 rw-p 00004000 00:1c 28311                      /usr/lib/x86_64-linux-gnu/libnss_mdns4_minimal.so.2
7efd3c53e000-7efd3c543000 rw-p 00000000 00:00 0 
7efd3c543000-7efd3c54a000 ---p 00000000 00:00 0 
7efd3c54a000-7efd3c552000 rw-s 00000000 00:1c 10871940                   /tmp/hsperfdata_chandrima/669743
7efd3c552000-7efd3c572000 r-xp 00000000 00:1c 20679176                   /home/chandrima/.vscode/extensions/redhat.java-1.46.0-linux-x64/jre/21.0.8-linux-x86_64/lib/libjava.so
7efd3c572000-7efd3c573000 ---p 00020000 00:1c 20679176                   /home/chandrima/.vscode/extensions/redhat.java-1.46.0-linux-x64/jre/21.0.8-linux-x86_64/lib/libjava.so
7efd3c573000-7efd3c574000 r--p 00020000 00:1c 20679176                   /home/chandrima/.vscode/extensions/redhat.java-1.46.0-linux-x64/jre/21.0.8-linux-x86_64/lib/libjava.so
7efd3c574000-7efd3c575000 rw-p 00021000 00:1c 20679176                   /home/chandrima/.vscode/extensions/redhat.java-1.46.0-linux-x64/jre/21.0.8-linux-x86_64/lib/libjava.so
7efd3c575000-7efd3c576000 rw-p 00000000 00:00 0 
7efd3c576000-7efd3c580000 r-xp 00000000 00:1c 20679181                   /home/chandrima/.vscode/extensions/redhat.java-1.46.0-linux-x64/jre/21.0.8-linux-x86_64/lib/libinstrument.so
7efd3c580000-7efd3c581000 ---p 0000a000 00:1c 20679181                   /home/chandrima/.vscode/extensions/redhat.java-1.46.0-linux-x64/jre/21.0.8-linux-x86_64/lib/libinstrument.so
7efd3c581000-7efd3c582000 r--p 0000a000 00:1c 20679181                   /home/chandrima/.vscode/extensions/redhat.java-1.46.0-linux-x64/jre/21.0.8-linux-x86_64/lib/libinstrument.so
7efd3c582000-7efd3c583000 rw-p 0000b000 00:1c 20679181                   /home/chandrima/.vscode/extensions/redhat.java-1.46.0-linux-x64/jre/21.0.8-linux-x86_64/lib/libinstrument.so
7efd3c583000-7efd3c584000 ---p 00000000 00:00 0 
7efd3c584000-7efd3c585000 r--p 00000000 00:00 0 
7efd3c585000-7efd3c589000 ---p 00000000 00:00 0 
7efd3c589000-7efd3c686000 rw-p 00000000 00:00 0 
7efd3c686000-7efd3c693000 r--p 00000000 00:1c 9201383                    /usr/lib/x86_64-linux-gnu/libm-2.31.so
7efd3c693000-7efd3c73a000 r-xp 0000d000 00:1c 9201383                    /usr/lib/x86_64-linux-gnu/libm-2.31.so
7efd3c73a000-7efd3c7d3000 r--p 000b4000 00:1c 9201383                    /usr/lib/x86_64-linux-gnu/libm-2.31.so
7efd3c7d3000-7efd3c7d4000 r--p 0014c000 00:1c 9201383                    /usr/lib/x86_64-linux-gnu/libm-2.31.so
7efd3c7d4000-7efd3c7d5000 rw-p 0014d000 00:1c 9201383                    /usr/lib/x86_64-linux-gnu/libm-2.31.so
7efd3c7d5000-7efd3c7d7000 r--p 00000000 00:1c 9201396                    /usr/lib/x86_64-linux-gnu/librt-2.31.so
7efd3c7d7000-7efd3c7db000 r-xp 00002000 00:1c 9201396                    /usr/lib/x86_64-linux-gnu/librt-2.31.so
7efd3c7db000-7efd3c7dd000 r--p 00006000 00:1c 9201396                    /usr/lib/x86_64-linux-gnu/librt-2.31.so
7efd3c7dd000-7efd3c7de000 r--p 00007000 00:1c 9201396                    /usr/lib/x86_64-linux-gnu/librt-2.31.so
7efd3c7de000-7efd3c7df000 rw-p 00008000 00:1c 9201396                    /usr/lib/x86_64-linux-gnu/librt-2.31.so
7efd3c7df000-7efd3dbfa000 r-xp 00000000 00:1c 20679262                   /home/chandrima/.vscode/extensions/redhat.java-1.46.0-linux-x64/jre/21.0.8-linux-x86_64/lib/server/libjvm.so
7efd3dbfa000-7efd3dbfb000 ---p 0141b000 00:1c 20679262                   /home/chandrima/.vscode/extensions/redhat.java-1.46.0-linux-x64/jre/21.0.8-linux-x86_64/lib/server/libjvm.so
7efd3dbfb000-7efd3dccf000 r--p 0141b000 00:1c 20679262                   /home/chandrima/.vscode/extensions/redhat.java-1.46.0-linux-x64/jre/21.0.8-linux-x86_64/lib/server/libjvm.so
7efd3dccf000-7efd3dcff000 rw-p 014ef000 00:1c 20679262                   /home/chandrima/.vscode/extensions/redhat.java-1.46.0-linux-x64/jre/21.0.8-linux-x86_64/lib/server/libjvm.so
7efd3dcff000-7efd3dd67000 rw-p 00000000 00:00 0 
7efd3dd67000-7efd3dd89000 r--p 00000000 00:1c 9201381                    /usr/lib/x86_64-linux-gnu/libc-2.31.so
7efd3dd89000-7efd3df01000 r-xp 00022000 00:1c 9201381                    /usr/lib/x86_64-linux-gnu/libc-2.31.so
7efd3df01000-7efd3df4f000 r--p 0019a000 00:1c 9201381                    /usr/lib/x86_64-linux-gnu/libc-2.31.so
7efd3df4f000-7efd3df53000 r--p 001e7000 00:1c 9201381                    /usr/lib/x86_64-linux-gnu/libc-2.31.so
7efd3df53000-7efd3df55000 rw-p 001eb000 00:1c 9201381                    /usr/lib/x86_64-linux-gnu/libc-2.31.so
7efd3df55000-7efd3df59000 rw-p 00000000 00:00 0 
7efd3df59000-7efd3df5a000 r--p 00000000 00:1c 9201382                    /usr/lib/x86_64-linux-gnu/libdl-2.31.so
7efd3df5a000-7efd3df5c000 r-xp 00001000 00:1c 9201382                    /usr/lib/x86_64-linux-gnu/libdl-2.31.so
7efd3df5c000-7efd3df5d000 r--p 00003000 00:1c 9201382                    /usr/lib/x86_64-linux-gnu/libdl-2.31.so
7efd3df5d000-7efd3df5e000 r--p 00003000 00:1c 9201382                    /usr/lib/x86_64-linux-gnu/libdl-2.31.so
7efd3df5e000-7efd3df5f000 rw-p 00004000 00:1c 9201382                    /usr/lib/x86_64-linux-gnu/libdl-2.31.so
7efd3df5f000-7efd3df65000 r--p 00000000 00:1c 9201394                    /usr/lib/x86_64-linux-gnu/libpthread-2.31.so
7efd3df65000-7efd3df76000 r-xp 00006000 00:1c 9201394                    /usr/lib/x86_64-linux-gnu/libpthread-2.31.so
7efd3df76000-7efd3df7c000 r--p 00017000 00:1c 9201394                    /usr/lib/x86_64-linux-gnu/libpthread-2.31.so
7efd3df7c000-7efd3df7d000 r--p 0001c000 00:1c 9201394                    /usr/lib/x86_64-linux-gnu/libpthread-2.31.so
7efd3df7d000-7efd3df7e000 rw-p 0001d000 00:1c 9201394                    /usr/lib/x86_64-linux-gnu/libpthread-2.31.so
7efd3df7e000-7efd3df82000 rw-p 00000000 00:00 0 
7efd3df83000-7efd3df9e000 r-xp 00000000 00:1c 20679172                   /home/chandrima/.vscode/extensions/redhat.java-1.46.0-linux-x64/jre/21.0.8-linux-x86_64/lib/libjimage.so
7efd3df9e000-7efd3df9f000 ---p 0001b000 00:1c 20679172                   /home/chandrima/.vscode/extensions/redhat.java-1.46.0-linux-x64/jre/21.0.8-linux-x86_64/lib/libjimage.so
7efd3df9f000-7efd3dfa1000 r--p 0001b000 00:1c 20679172                   /home/chandrima/.vscode/extensions/redhat.java-1.46.0-linux-x64/jre/21.0.8-linux-x86_64/lib/libjimage.so
7efd3dfa1000-7efd3dfa2000 rw-p 0001d000 00:1c 20679172                   /home/chandrima/.vscode/extensions/redhat.java-1.46.0-linux-x64/jre/21.0.8-linux-x86_64/lib/libjimage.so
7efd3dfa2000-7efd3dfbb000 r-xp 00000000 00:1c 20679171                   /home/chandrima/.vscode/extensions/redhat.java-1.46.0-linux-x64/jre/21.0.8-linux-x86_64/lib/libjli.so
7efd3dfbb000-7efd3dfbc000 r--p 00018000 00:1c 20679171                   /home/chandrima/.vscode/extensions/redhat.java-1.46.0-linux-x64/jre/21.0.8-linux-x86_64/lib/libjli.so
7efd3dfbc000-7efd3dfbd000 rw-p 00019000 00:1c 20679171                   /home/chandrima/.vscode/extensions/redhat.java-1.46.0-linux-x64/jre/21.0.8-linux-x86_64/lib/libjli.so
7efd3dfbd000-7efd3dfbf000 rw-p 00000000 00:00 0 
7efd3dfbf000-7efd3dfc0000 r--p 00000000 00:1c 9201377                    /usr/lib/x86_64-linux-gnu/ld-2.31.so
7efd3dfc0000-7efd3dfe3000 r-xp 00001000 00:1c 9201377                    /usr/lib/x86_64-linux-gnu/ld-2.31.so
7efd3dfe3000-7efd3dfeb000 r--p 00024000 00:1c 9201377                    /usr/lib/x86_64-linux-gnu/ld-2.31.so
7efd3dfeb000-7efd3dfec000 ---p 00000000 00:00 0 
7efd3dfec000-7efd3dfed000 r--p 0002c000 00:1c 9201377                    /usr/lib/x86_64-linux-gnu/ld-2.31.so
7efd3dfed000-7efd3dfee000 rw-p 0002d000 00:1c 9201377                    /usr/lib/x86_64-linux-gnu/ld-2.31.so
7efd3dfee000-7efd3dfef000 rw-p 00000000 00:00 0 
7fffbc250000-7fffbc272000 rw-p 00000000 00:00 0                          [stack]
7fffbc2e8000-7fffbc2ec000 r--p 00000000 00:00 0                          [vvar]
7fffbc2ec000-7fffbc2ee000 r-xp 00000000 00:00 0                          [vdso]
ffffffffff600000-ffffffffff601000 --xp 00000000 00:00 0                  [vsyscall]
Total number of mappings: 378

JVMTI agents:
/home/chandrima/.vscode/extensions/redhat.java-1.46.0-linux-x64/lombok/lombok-1.18.39-4050.jar path:none, loaded, initialized, instrumentlib options:none


VM Arguments:
jvm_args: --add-modules=ALL-SYSTEM --add-opens=java.base/java.util=ALL-UNNAMED --add-opens=java.base/java.lang=ALL-UNNAMED --add-opens=java.base/sun.nio.fs=ALL-UNNAMED -Declipse.application=org.eclipse.jdt.ls.core.id1 -Dosgi.bundles.defaultStartLevel=4 -Declipse.product=org.eclipse.jdt.ls.core.product -Djava.import.generatesMetadataFilesAtProjectRoot=false -DDetectVMInstallationsJob.disabled=true -Dfile.encoding=utf8 -XX:+UseParallelGC -XX:GCTimeRatio=4 -XX:AdaptiveSizePolicyWeight=90 -Dsun.zip.disableMemoryMapping=true -Xmx2G -Xms100m -Xlog:disable -javaagent:/home/chandrima/.vscode/extensions/redhat.java-1.46.0-linux-x64/lombok/lombok-1.18.39-4050.jar -XX:+HeapDumpOnOutOfMemoryError -XX:HeapDumpPath=/home/chandrima/.config/Code/User/workspaceStorage/656ff0314b68b417788454fe91dd1482/redhat.java -Daether.dependencyCollector.impl=bf 
java_command: /home/chandrima/.vscode/extensions/redhat.java-1.46.0-linux-x64/server/plugins/org.eclipse.equinox.launcher_1.7.0.v20250519-0528.jar -configuration /home/chandrima/.config/Code/User/globalStorage/redhat.java/1.46.0/config_linux -data /home/chandrima/.config/Code/User/workspaceStorage/656ff0314b68b417788454fe91dd1482/redhat.java/jdt_ws --pipe=/run/user/1000/lsp-79cf6c280de321f63cd3d1bb2cf49360.sock
java_class_path (initial): /home/chandrima/.vscode/extensions/redhat.java-1.46.0-linux-x64/server/plugins/org.eclipse.equinox.launcher_1.7.0.v20250519-0528.jar
Launcher Type: SUN_STANDARD

[Global flags]
    uintx AdaptiveSizePolicyWeight                 = 90                                        {product} {command line}
     intx CICompilerCount                          = 4                                         {product} {ergonomic}
    uintx GCTimeRatio                              = 4                                         {product} {command line}
     bool HeapDumpOnOutOfMemoryError               = true                                   {manageable} {command line}
    ccstr HeapDumpPath                             = /home/chandrima/.config/Code/User/workspaceStorage/656ff0314b68b417788454fe91dd1482/redhat.java         {manageable} {command line}
   size_t InitialHeapSize                          = 104857600                                 {product} {command line}
   size_t MaxHeapSize                              = 2147483648                                {product} {command line}
   size_t MaxNewSize                               = 715653120                                 {product} {ergonomic}
   size_t MinHeapDeltaBytes                        = 524288                                    {product} {ergonomic}
   size_t MinHeapSize                              = 104857600                                 {product} {command line}
   size_t NewSize                                  = 34603008                                  {product} {ergonomic}
    uintx NonNMethodCodeHeapSize                   = 5839372                                {pd product} {ergonomic}
    uintx NonProfiledCodeHeapSize                  = 122909434                              {pd product} {ergonomic}
   size_t OldSize                                  = 70254592                                  {product} {ergonomic}
    uintx ProfiledCodeHeapSize                     = 122909434                              {pd product} {ergonomic}
    uintx ReservedCodeCacheSize                    = 251658240                              {pd product} {ergonomic}
     bool SegmentedCodeCache                       = true                                      {product} {ergonomic}
   size_t SoftMaxHeapSize                          = 2147483648                             {manageable} {ergonomic}
     bool UseCompressedOops                        = true                           {product lp64_product} {ergonomic}
     bool UseParallelGC                            = true                                      {product} {command line}

Logging:
Log output configuration:
 #0: stdout all=off uptime,level,tags foldmultilines=false
 #1: stderr all=off uptime,level,tags foldmultilines=false

Environment Variables:
JAVA_HOME=/usr/lib/jvm/java-8-openjdk-amd64
PATH=/home/linuxbrew/.linuxbrew/bin:/home/linuxbrew/.linuxbrew/sbin:/home/chandrima/.local/bin:/opt/hadoop/bin:/opt/hadoop/sbin:/home/chandrima/hive/bin:/home/linuxbrew/.linuxbrew/bin:/home/linuxbrew/.linuxbrew/sbin:/home/chandrima/.local/bin:/opt/hadoop/bin:/opt/hadoop/sbin:/home/chandrima/hive/bin:/home/chandrima/Desktop/anaconda3/condabin:/usr/local/sbin:/usr/local/bin:/usr/sbin:/usr/bin:/sbin:/bin:/usr/games:/usr/local/games:/snap/bin:/snap/bin:/opt/mongodb/bin:/opt/mongodb/bin
USERNAME=chandrima
SHELL=/bin/bash
DISPLAY=:0
LANG=en_US.UTF-8

Active Locale:
LC_ALL=en_US.UTF-8
LC_COLLATE=en_US.UTF-8
LC_CTYPE=en_US.UTF-8
LC_MESSAGES=en_US.UTF-8
LC_MONETARY=en_US.UTF-8
LC_NUMERIC=en_US.UTF-8
LC_TIME=en_US.UTF-8

Signal Handlers:
   SIGSEGV: crash_handler in libjvm.so, mask=11100100010111111101111111111110, flags=SA_RESTART|SA_SIGINFO, unblocked
    SIGBUS: crash_handler in libjvm.so, mask=11100100010111111101111111111110, flags=SA_RESTART|SA_SIGINFO, unblocked
    SIGFPE: crash_handler in libjvm.so, mask=11100100010111111101111111111110, flags=SA_RESTART|SA_SIGINFO, unblocked
   SIGPIPE: javaSignalHandler in libjvm.so, mask=11100100010111111101111111111110, flags=SA_RESTART|SA_SIGINFO, blocked
   SIGXFSZ: javaSignalHandler in libjvm.so, mask=11100100010111111101111111111110, flags=SA_RESTART|SA_SIGINFO, blocked
    SIGILL: crash_handler in libjvm.so, mask=11100100010111111101111111111110, flags=SA_RESTART|SA_SIGINFO, unblocked
   SIGUSR2: SR_handler in libjvm.so, mask=00000000000000000000000000000000, flags=SA_RESTART|SA_SIGINFO, blocked
    SIGHUP: UserHandler in libjvm.so, mask=11100100010111111101111111111110, flags=SA_RESTART|SA_SIGINFO, blocked
    SIGINT: UserHandler in libjvm.so, mask=11100100010111111101111111111110, flags=SA_RESTART|SA_SIGINFO, blocked
   SIGTERM: UserHandler in libjvm.so, mask=11100100010111111101111111111110, flags=SA_RESTART|SA_SIGINFO, blocked
   SIGQUIT: UserHandler in libjvm.so, mask=11100100010111111101111111111110, flags=SA_RESTART|SA_SIGINFO, blocked
   SIGTRAP: crash_handler in libjvm.so, mask=11100100010111111101111111111110, flags=SA_RESTART|SA_SIGINFO, unblocked


Periodic native trim disabled

---------------  S Y S T E M  ---------------

OS:
DISTRIB_ID=Zorin
DISTRIB_RELEASE=16
DISTRIB_CODENAME=focal
DISTRIB_DESCRIPTION="Zorin OS 16.3"
uname: Linux 5.15.0-139-generic #149~20.04.1-Ubuntu SMP Wed Apr 16 08:29:56 UTC 2025 x86_64
OS uptime: 18 days 16:26 hours
libc: glibc 2.31 NPTL 2.31 
rlimit (soft/hard): STACK 8192k/infinity , CORE 0k/infinity , NPROC 62517/62517 , NOFILE 1048576/1048576 , AS infinity/infinity , CPU infinity/infinity , DATA infinity/infinity , FSIZE infinity/infinity , MEMLOCK 65536k/65536k
load average: 2.11 1.08 0.76

/proc/meminfo:
MemTotal:       16151520 kB
MemFree:         2910644 kB
MemAvailable:    6777152 kB
Buffers:              96 kB
Cached:          4425384 kB
SwapCached:       116516 kB
Active:          6383064 kB
Inactive:        5547840 kB
Active(anon):    4556204 kB
Inactive(anon):  3594060 kB
Active(file):    1826860 kB
Inactive(file):  1953780 kB
Unevictable:      206384 kB
Mlocked:              80 kB
SwapTotal:       7906300 kB
SwapFree:            904 kB
Dirty:             35868 kB
Writeback:             0 kB
AnonPages:       7596064 kB
Mapped:           462524 kB
Shmem:            644776 kB
KReclaimable:     427420 kB
Slab:             773924 kB
SReclaimable:     427420 kB
SUnreclaim:       346504 kB
KernelStack:       30960 kB
PageTables:       111848 kB
NFS_Unstable:          0 kB
Bounce:                0 kB
WritebackTmp:          0 kB
CommitLimit:    15982060 kB
Committed_AS:   46375352 kB
VmallocTotal:   34359738367 kB
VmallocUsed:       64576 kB
VmallocChunk:          0 kB
Percpu:             9376 kB
HardwareCorrupted:     0 kB
AnonHugePages:         0 kB
ShmemHugePages:        0 kB
ShmemPmdMapped:        0 kB
FileHugePages:         0 kB
FilePmdMapped:         0 kB
HugePages_Total:       0
HugePages_Free:        0
HugePages_Rsvd:        0
HugePages_Surp:        0
Hugepagesize:       2048 kB
Hugetlb:               0 kB
DirectMap4k:    11288256 kB
DirectMap2M:     5267456 kB
DirectMap1G:           0 kB

/sys/kernel/mm/transparent_hugepage/enabled: always [madvise] never
/sys/kernel/mm/transparent_hugepage/hpage_pmd_size: 2097152
/sys/kernel/mm/transparent_hugepage/defrag (defrag/compaction efforts parameter): always defer defer+madvise [madvise] never

Process Memory:
Virtual Size: 7317240K (peak: 7317240K)
Resident Set Size: 353172K (peak: 783048K) (anon: 328248K, file: 24924K, shmem: 0K)
Swapped out: 426872K
C-Heap outstanding allocations: 69961K, retained: 69122K (may have wrapped)
glibc malloc tunables: (default)

/proc/sys/kernel/threads-max (system-wide limit on the number of threads): 125035
/proc/sys/vm/max_map_count (maximum number of memory map areas a process may have): 65530
/proc/sys/vm/swappiness (control to define how aggressively the kernel swaps out anonymous memory): 60
/proc/sys/kernel/pid_max (system-wide limit on number of process identifiers): 4194304

container (cgroup) information:
container_type: cgroupv1
cpu_cpuset_cpus: 0-7
cpu_memory_nodes: 0
active_processor_count: 8
cpu_quota: no quota
cpu_period: 100000
cpu_shares: no shares
memory_limit_in_bytes: unlimited
memory_and_swap_limit_in_bytes: unlimited
memory_soft_limit_in_bytes: unlimited
memory_usage_in_bytes: 10438272 k
memory_max_usage_in_bytes: 14974576 k
kernel_memory_limit_in_bytes: unlimited
kernel_memory_usage_in_bytes: 325704 k
kernel_memory_max_usage_in_bytes: 2006056 k
maximum number of tasks: unlimited
current number of tasks: 1320

Steal ticks since vm start: 0
Steal ticks percentage since vm start:  0.000

CPU: total 8 (initial active 8) (4 cores per cpu, 2 threads per core) family 6 model 140 stepping 2 microcode 0x3c, cx8, cmov, fxsr, ht, mmx, 3dnowpref, sse, sse2, sse3, ssse3, sse4.1, sse4.2, popcnt, lzcnt, tsc, tscinvbit, avx, avx2, aes, erms, clmul, bmi1, bmi2, adx, avx512f, avx512dq, avx512cd, avx512bw, avx512vl, sha, fma, vzeroupper, avx512_vpopcntdq, avx512_vpclmulqdq, avx512_vaes, avx512_vnni, clflush, clflushopt, clwb, avx512_vbmi2, avx512_vbmi, rdtscp, rdpid, fsrm, gfni, avx512_bitalg, f16c, pku, ospke, cet_ibt, cet_ss, avx512_ifma
CPU Model and flags from /proc/cpuinfo:
model name	: 11th Gen Intel(R) Core(TM) i5-1155G7 @ 2.50GHz
flags		: fpu vme de pse tsc msr pae mce cx8 apic sep mtrr pge mca cmov pat pse36 clflush dts acpi mmx fxsr sse sse2 ss ht tm pbe syscall nx pdpe1gb rdtscp lm constant_tsc art arch_perfmon pebs bts rep_good nopl xtopology nonstop_tsc cpuid aperfmperf tsc_known_freq pni pclmulqdq dtes64 monitor ds_cpl vmx est tm2 ssse3 sdbg fma cx16 xtpr pdcm pcid sse4_1 sse4_2 x2apic movbe popcnt tsc_deadline_timer aes xsave avx f16c rdrand lahf_lm abm 3dnowprefetch cpuid_fault epb cat_l2 invpcid_single cdp_l2 ssbd ibrs ibpb stibp ibrs_enhanced tpr_shadow vnmi flexpriority ept vpid ept_ad fsgsbase tsc_adjust bmi1 avx2 smep bmi2 erms invpcid rdt_a avx512f avx512dq rdseed adx smap avx512ifma clflushopt clwb intel_pt avx512cd sha_ni avx512bw avx512vl xsaveopt xsavec xgetbv1 xsaves split_lock_detect dtherm ida arat pln pts hwp hwp_notify hwp_act_window hwp_epp hwp_pkg_req avx512vbmi umip pku ospke avx512_vbmi2 gfni vaes vpclmulqdq avx512_vnni avx512_bitalg avx512_vpopcntdq rdpid movdiri movdir64b fsrm avx512_vp2intersect md_clear flush_l1d arch_capabilities

Online cpus: 0-7
Offline cpus: 
BIOS frequency limitation: <Not Available>
Frequency switch latency (ns): 0
Available cpu frequencies: <Not Available>
Current governor: powersave
Core performance/turbo boost: <Not Available>

Memory: 4k page, physical 16151520k(6773168k free), swap 7906300k(1140k free)
Page Sizes: 4k

vm_info: OpenJDK 64-Bit Server VM (21.0.8+9-LTS) for linux-amd64 JRE (21.0.8+9-LTS), built on 2025-07-15T00:00:00Z by "admin" with gcc 11.3.0

END.
